Archive member included to satisfy reference by file (symbol)

/usr/lib/gcc/arm-none-eabi/10.3.1/../../../arm-none-eabi/lib/thumb/v6-m/nofp/libstdc++.a(guard.o)
                              CMakeFiles/phobgcc_rp2040.dir/src/main.cpp.obj (__cxa_guard_acquire)
/usr/lib/gcc/arm-none-eabi/10.3.1/../../../arm-none-eabi/lib/thumb/v6-m/nofp/libstdc++.a(guard_error.o)
                              /usr/lib/gcc/arm-none-eabi/10.3.1/../../../arm-none-eabi/lib/thumb/v6-m/nofp/libstdc++.a(guard.o) (__gnu_cxx::recursive_init_error::~recursive_init_error())
/usr/lib/gcc/arm-none-eabi/10.3.1/../../../arm-none-eabi/lib/thumb/v6-m/nofp/libstdc++.a(si_class_type_info.o)
                              /usr/lib/gcc/arm-none-eabi/10.3.1/../../../arm-none-eabi/lib/thumb/v6-m/nofp/libstdc++.a(guard_error.o) (vtable for __cxxabiv1::__si_class_type_info)
/usr/lib/gcc/arm-none-eabi/10.3.1/../../../arm-none-eabi/lib/thumb/v6-m/nofp/libstdc++.a(tinfo.o)
                              /usr/lib/gcc/arm-none-eabi/10.3.1/../../../arm-none-eabi/lib/thumb/v6-m/nofp/libstdc++.a(si_class_type_info.o) (std::type_info::__is_pointer_p() const)
/usr/lib/gcc/arm-none-eabi/10.3.1/../../../arm-none-eabi/lib/thumb/v6-m/nofp/libstdc++.a(functional.o)
                              CMakeFiles/phobgcc_rp2040.dir/src/joybus.cpp.obj (std::__throw_bad_function_call())
/usr/lib/gcc/arm-none-eabi/10.3.1/../../../arm-none-eabi/lib/thumb/v6-m/nofp/libstdc++.a(string-inst.o)
                              CMakeFiles/phobgcc_rp2040.dir/src/drawGraphics.cpp.obj (std::__cxx11::basic_string<char, std::char_traits<char>, std::allocator<char> >::_M_create(unsigned int&, unsigned int))
/usr/lib/gcc/arm-none-eabi/10.3.1/../../../arm-none-eabi/lib/thumb/v6-m/nofp/libstdc++.a(class_type_info.o)
                              /usr/lib/gcc/arm-none-eabi/10.3.1/../../../arm-none-eabi/lib/thumb/v6-m/nofp/libstdc++.a(si_class_type_info.o) (__cxxabiv1::__class_type_info::__do_upcast(__cxxabiv1::__class_type_info const*, void**) const)
/usr/lib/gcc/arm-none-eabi/10.3.1/../../../arm-none-eabi/lib/thumb/v6-m/nofp/libstdc++.a(eh_alloc.o)
                              /usr/lib/gcc/arm-none-eabi/10.3.1/../../../arm-none-eabi/lib/thumb/v6-m/nofp/libstdc++.a(guard.o) (__cxa_allocate_exception)
/usr/lib/gcc/arm-none-eabi/10.3.1/../../../arm-none-eabi/lib/thumb/v6-m/nofp/libstdc++.a(eh_arm.o)
                              /usr/lib/gcc/arm-none-eabi/10.3.1/../../../arm-none-eabi/lib/thumb/v6-m/nofp/libstdc++.a(string-inst.o) (__cxa_end_cleanup)
/usr/lib/gcc/arm-none-eabi/10.3.1/../../../arm-none-eabi/lib/thumb/v6-m/nofp/libstdc++.a(eh_catch.o)
                              /usr/lib/gcc/arm-none-eabi/10.3.1/../../../arm-none-eabi/lib/thumb/v6-m/nofp/libstdc++.a(string-inst.o) (__cxa_begin_catch)
/usr/lib/gcc/arm-none-eabi/10.3.1/../../../arm-none-eabi/lib/thumb/v6-m/nofp/libstdc++.a(eh_exception.o)
                              /usr/lib/gcc/arm-none-eabi/10.3.1/../../../arm-none-eabi/lib/thumb/v6-m/nofp/libstdc++.a(guard_error.o) (std::exception::~exception())
/usr/lib/gcc/arm-none-eabi/10.3.1/../../../arm-none-eabi/lib/thumb/v6-m/nofp/libstdc++.a(eh_globals.o)
                              /usr/lib/gcc/arm-none-eabi/10.3.1/../../../arm-none-eabi/lib/thumb/v6-m/nofp/libstdc++.a(eh_catch.o) (__cxa_get_globals_fast)
/usr/lib/gcc/arm-none-eabi/10.3.1/../../../arm-none-eabi/lib/thumb/v6-m/nofp/libstdc++.a(eh_personality.o)
                              /usr/lib/gcc/arm-none-eabi/10.3.1/../../../arm-none-eabi/lib/thumb/v6-m/nofp/libstdc++.a(string-inst.o) (__gxx_personality_v0)
/usr/lib/gcc/arm-none-eabi/10.3.1/../../../arm-none-eabi/lib/thumb/v6-m/nofp/libstdc++.a(eh_terminate.o)
                              /usr/lib/gcc/arm-none-eabi/10.3.1/../../../arm-none-eabi/lib/thumb/v6-m/nofp/libstdc++.a(eh_alloc.o) (std::terminate())
/usr/lib/gcc/arm-none-eabi/10.3.1/../../../arm-none-eabi/lib/thumb/v6-m/nofp/libstdc++.a(eh_throw.o)
                              /usr/lib/gcc/arm-none-eabi/10.3.1/../../../arm-none-eabi/lib/thumb/v6-m/nofp/libstdc++.a(guard.o) (__cxa_throw)
/usr/lib/gcc/arm-none-eabi/10.3.1/../../../arm-none-eabi/lib/thumb/v6-m/nofp/libstdc++.a(eh_unex_handler.o)
                              /usr/lib/gcc/arm-none-eabi/10.3.1/../../../arm-none-eabi/lib/thumb/v6-m/nofp/libstdc++.a(eh_terminate.o) (__cxxabiv1::__unexpected_handler)
/usr/lib/gcc/arm-none-eabi/10.3.1/../../../arm-none-eabi/lib/thumb/v6-m/nofp/libstdc++.a(pure.o)
                              /usr/lib/gcc/arm-none-eabi/10.3.1/../../../arm-none-eabi/lib/thumb/v6-m/nofp/libstdc++.a(eh_exception.o) (__cxa_pure_virtual)
/usr/lib/gcc/arm-none-eabi/10.3.1/../../../arm-none-eabi/lib/thumb/v6-m/nofp/libstdc++.a(functexcept.o)
                              /usr/lib/gcc/arm-none-eabi/10.3.1/../../../arm-none-eabi/lib/thumb/v6-m/nofp/libstdc++.a(string-inst.o) (std::__throw_logic_error(char const*))
/usr/lib/gcc/arm-none-eabi/10.3.1/../../../arm-none-eabi/lib/thumb/v6-m/nofp/libstdc++.a(snprintf_lite.o)
[...]
Memory Configuration

Name             Origin             Length             Attributes
FLASH            0x0000000010000000 0x0000000000200000 xr
RAM              0x0000000020000000 0x0000000000040000 xrw
SCRATCH_X        0x0000000020040000 0x0000000000001000 xrw
SCRATCH_Y        0x0000000020041000 0x0000000000001000 xrw
*default*        0x0000000000000000 0xffffffffffffffff

Linker script and memory map

LOAD /usr/lib/gcc/arm-none-eabi/10.3.1/thumb/v6-m/nofp/crti.o
LOAD /usr/lib/gcc/arm-none-eabi/10.3.1/thumb/v6-m/nofp/crtbegin.o
LOAD /usr/lib/gcc/arm-none-eabi/10.3.1/../../../arm-none-eabi/lib/thumb/v6-m/nofp/crt0.o

.flash_begin    0x0000000010000000        0x0
                0x0000000010000000                __flash_binary_start = .

.boot2          0x0000000010000000      0x100
                0x0000000010000000                __boot2_start__ = .
 *(.boot2)
 .boot2         0x0000000010000000      0x100 /tmp/ccV61bPT.o
                0x0000000010000100                __boot2_end__ = .
                0x0000000000000001                ASSERT (((__boot2_end__ - __boot2_start__) == 0x100), ERROR: Pico second stage bootloader must be 256 bytes in size)

.text           0x0000000010000100    0x1ab70
                0x0000000010000100                __logical_binary_start = .
 *(.vectors)
 .vectors       0x0000000010000100       0xd4 CMakeFiles/phobgcc_rp2040.dir/mnt/c/Users/ntste/Desktop/phob/pico-sdk/src/rp2_common/pico_standard_link/crt0.S.obj
                0x0000000010000100                __vectors
                0x0000000010000100                __VECTOR_TABLE
                0x00000000100001c0                isr_invalid
                0x00000000100001c0                __default_isrs_start
                0x00000000100001c2                isr_nmi
                0x00000000100001c4                isr_hardfault
                0x00000000100001c6                isr_svcall
                0x00000000100001c8                isr_pendsv
                0x00000000100001ca                isr_systick
                0x00000000100001cc                isr_irq30
                0x00000000100001cc                __unhandled_user_irq
                0x00000000100001cc                isr_irq13
                0x00000000100001cc                isr_irq27
                0x00000000100001cc                isr_irq31
                0x00000000100001cc                isr_irq5
                0x00000000100001cc                isr_irq11
                0x00000000100001cc                isr_irq23
                0x00000000100001cc                isr_irq18
                0x00000000100001cc                isr_irq28
                0x00000000100001cc                isr_irq19
                0x00000000100001cc                isr_irq0
                0x00000000100001cc                isr_irq6
                0x00000000100001cc                isr_irq22
                0x00000000100001cc                isr_irq17
                0x00000000100001cc                isr_irq14
                0x00000000100001cc                isr_irq2
                0x00000000100001cc                isr_irq10
                0x00000000100001cc                isr_irq8
                0x00000000100001cc                isr_irq24
                0x00000000100001cc                isr_irq1
                0x00000000100001cc                isr_irq7
                0x00000000100001cc                isr_irq21
                0x00000000100001cc                isr_irq20
                0x00000000100001cc                isr_irq15
                0x00000000100001cc                isr_irq25
                0x00000000100001cc                isr_irq4
                0x00000000100001cc                isr_irq16
                0x00000000100001cc                isr_irq29
                0x00000000100001cc                isr_irq26
                0x00000000100001cc                __default_isrs_end
                0x00000000100001cc                isr_irq3
                0x00000000100001cc                isr_irq12
                0x00000000100001cc                isr_irq9
                0x00000000100001d2                unhandled_user_irq_num_in_r0
 *(.binary_info_header)
 .binary_info_header
                0x00000000100001d4       0x14 CMakeFiles/phobgcc_rp2040.dir/mnt/c/Users/ntste/Desktop/phob/pico-sdk/src/rp2_common/pico_standard_link/crt0.S.obj
                0x00000000100001e8                __binary_info_header_end = .
 *(.reset)
 .reset         0x00000000100001e8       0xa0 CMakeFiles/phobgcc_rp2040.dir/mnt/c/Users/ntste/Desktop/phob/pico-sdk/src/rp2_common/pico_standard_link/crt0.S.obj
                0x00000000100001e8                _entry_point
 .reset         0x0000000010000288       0x30 CMakeFiles/phobgcc_rp2040.dir/mnt/c/Users/ntste/Desktop/phob/pico-sdk/src/rp2_common/pico_standard_link/binary_info.c.obj
 *(.init)
 .init          0x00000000100002b8        0x4 /usr/lib/gcc/arm-none-eabi/10.3.1/thumb/v6-m/nofp/crti.o
                0x00000000100002b8                _init
 *(EXCLUDE_FILE(*libm.a: *libc.a:*lib_a-mem*.o *libgcc.a:) .text*)
 .text          0x00000000100002bc       0x98 /usr/lib/gcc/arm-none-eabi/10.3.1/thumb/v6-m/nofp/crtbegin.o
 .text._Z21cvideo_initialise_pioP8pio_hw_tjjjjd
                0x0000000010000354       0xbc CMakeFiles/phobgcc_rp2040.dir/src/cvideo.cpp.obj
                0x0000000010000354                cvideo_initialise_pio(pio_hw_t*, unsigned int, unsigned int, unsigned int, unsigned int, double)
 .text._Z24cvideo_configure_pio_dmaP8pio_hw_tjjj
                0x0000000010000410       0x7c CMakeFiles/phobgcc_rp2040.dir/src/cvideo.cpp.obj
                0x0000000010000410                cvideo_configure_pio_dma(pio_hw_t*, unsigned int, unsigned int, unsigned int)
 .text._Z8videoOuthR7ButtonsS0_R8RawStickR13ControlConfigR11StickParamsS6_RVbRVhRii
                0x000000001000048c      0x354 CMakeFiles/phobgcc_rp2040.dir/src/cvideo.cpp.obj
                0x000000001000048c                videoOut(unsigned char, Buttons&, Buttons&, RawStick&, ControlConfig&, StickParams&, StickParams&, bool volatile&, unsigned char volatile&, int&, int)
 .text._Z8drawCharPhtthc.part.0
                0x00000000100007e0      0x244 CMakeFiles/phobgcc_rp2040.dir/src/drawGraphics.cpp.obj
 .text._Z10drawChar2xPhtthc.part.0
                0x0000000010000a24      0x128 CMakeFiles/phobgcc_rp2040.dir/src/drawGraphics.cpp.obj
 .text._Z8drawLinePhtttth
                0x0000000010000b4c      0x28c CMakeFiles/phobgcc_rp2040.dir/src/drawGraphics.cpp.obj
                0x0000000010000b4c                drawLine(unsigned char*, unsigned short, unsigned short, unsigned short, unsigned short, unsigned char)
 .text._Z10drawStringPhtthPKch
                0x0000000010000dd8       0x74 CMakeFiles/phobgcc_rp2040.dir/src/drawGraphics.cpp.obj
                0x0000000010000dd8                drawString(unsigned char*, unsigned short, unsigned short, unsigned char, char const*, unsigned char)
 .text._Z12drawString2xPhtthPKch
                0x0000000010000e4c       0x74 CMakeFiles/phobgcc_rp2040.dir/src/drawGraphics.cpp.obj
                0x0000000010000e4c                drawString2x(unsigned char*, unsigned short, unsigned short, unsigned char, char const*, unsigned char)
 .text._Z7drawIntPhtthhi
                0x0000000010000ec0      0x230 CMakeFiles/phobgcc_rp2040.dir/src/drawGraphics.cpp.obj
                0x0000000010000ec0                drawInt(unsigned char*, unsigned short, unsigned short, unsigned char, unsigned char, int)
 .text._Z13eraseCharLinePht
                0x00000000100010f0       0x14 CMakeFiles/phobgcc_rp2040.dir/src/drawGraphics.cpp.obj
                0x00000000100010f0                eraseCharLine(unsigned char*, unsigned short)
 .text._ZN9__gnu_cxx12__to_xstringINSt7__cxx1112basic_stringIcSt11char_traitsIcESaIcEEEcEET_PFiPT0_jPKS8_St9__va_listEjSB_z
                0x0000000010001104       0x74 CMakeFiles/phobgcc_rp2040.dir/src/drawGraphics.cpp.obj
                0x0000000010001104                std::__cxx11::basic_string<char, std::char_traits<char>, std::allocator<char> > __gnu_cxx::__to_xstring<std::__cxx11::basic_string<char, std::char_traits<char>, std::allocator<char> >, char>(int (*)(char*, unsigned int, char const*, std::__va_list), unsigned int, char const*, ...)
 .text._Z9drawFloatPhtthhhf
                0x0000000010001178      0x140 CMakeFiles/phobgcc_rp2040.dir/src/drawGraphics.cpp.obj
                0x0000000010001178                drawFloat(unsigned char*, unsigned short, unsigned short, unsigned char, unsigned char, unsigned char, float)
 .text._Z9drawImagePhPKhS1_tt
                0x00000000100012b8       0xf4 CMakeFiles/phobgcc_rp2040.dir/src/drawImage.cpp.obj
                0x00000000100012b8                drawImage(unsigned char*, unsigned char const*, unsigned char const*, unsigned short, unsigned short)
 .text._Z12drawStickCalPhjib10WhichStick7Buttons8RawStickRK13ControlConfigRK11StickParamsS8_
                0x00000000100013ac      0x394 CMakeFiles/phobgcc_rp2040.dir/src/drawMenu.cpp.obj
                0x00000000100013ac                drawStickCal(unsigned char*, unsigned int, int, bool, WhichStick, Buttons, RawStick, ControlConfig const&, StickParams const&, StickParams const&)
 .text._Z16drawStickCalFastPhjib10WhichStick7Buttons8RawStickRK13ControlConfigRK11StickParamsS8_
                0x0000000010001740      0x4c4 CMakeFiles/phobgcc_rp2040.dir/src/drawMenu.cpp.obj
                0x0000000010001740                drawStickCalFast(unsigned char*, unsigned int, int, bool, WhichStick, Buttons, RawStick, ControlConfig const&, StickParams const&, StickParams const&)
 .text._Z12drawAutoinitPhjib7Buttons8RawStickRK13ControlConfigRK11StickParamsS7_
                0x0000000010001c04       0xe0 CMakeFiles/phobgcc_rp2040.dir/src/drawMenu.cpp.obj
                0x0000000010001c04                drawAutoinit(unsigned char*, unsigned int, int, bool, Buttons, RawStick, ControlConfig const&, StickParams const&, StickParams const&)
 .text._Z12drawStickdbgPhjib7Buttons8RawStickRK13ControlConfigRK11StickParamsS7_
                0x0000000010001ce4      0x59c CMakeFiles/phobgcc_rp2040.dir/src/drawMenu.cpp.obj
                0x0000000010001ce4                drawStickdbg(unsigned char*, unsigned int, int, bool, Buttons, RawStick, ControlConfig const&, StickParams const&, StickParams const&)
 .text._Z16drawStickdbgFastPhjib7Buttons8RawStickRK13ControlConfigRK11StickParamsS7_
                0x0000000010002280      0x154 CMakeFiles/phobgcc_rp2040.dir/src/drawMenu.cpp.obj
                0x0000000010002280                drawStickdbgFast(unsigned char*, unsigned int, int, bool, Buttons, RawStick, ControlConfig const&, StickParams const&, StickParams const&)
 .text._Z12drawSet_overPhjib7Buttons8RawStickRK13ControlConfigRK11StickParamsS7_
                0x00000000100023d4      0x400 CMakeFiles/phobgcc_rp2040.dir/src/drawMenu.cpp.obj
                0x00000000100023d4                drawSet_over(unsigned char*, unsigned int, int, bool, Buttons, RawStick, ControlConfig const&, StickParams const&, StickParams const&)
 .text._Z13drawAsnapbackPhjib7Buttons8RawStickRK13ControlConfigRK11StickParamsS7_
                0x00000000100027d4      0x14c CMakeFiles/phobgcc_rp2040.dir/src/drawMenu.cpp.obj
                0x00000000100027d4                drawAsnapback(unsigned char*, unsigned int, int, bool, Buttons, RawStick, ControlConfig const&, StickParams const&, StickParams const&)
 .text._Z9drawAwavePhjib7Buttons8RawStickRK13ControlConfigRK11StickParamsS7_
                0x0000000010002920      0x150 CMakeFiles/phobgcc_rp2040.dir/src/drawMenu.cpp.obj
                0x0000000010002920                drawAwave(unsigned char*, unsigned int, int, bool, Buttons, RawStick, ControlConfig const&, StickParams const&, StickParams const&)
 .text._Z11drawAsmoothPhjib7Buttons8RawStickRK13ControlConfigRK11StickParamsS7_
                0x0000000010002a70      0x150 CMakeFiles/phobgcc_rp2040.dir/src/drawMenu.cpp.obj
                0x0000000010002a70                drawAsmooth(unsigned char*, unsigned int, int, bool, Buttons, RawStick, ControlConfig const&, StickParams const&, StickParams const&)
 .text._Z13drawCsnapbackPhjib7Buttons8RawStickRK13ControlConfigRK11StickParamsS7_
                0x0000000010002bc0      0x150 CMakeFiles/phobgcc_rp2040.dir/src/drawMenu.cpp.obj
                0x0000000010002bc0                drawCsnapback(unsigned char*, unsigned int, int, bool, Buttons, RawStick, ControlConfig const&, StickParams const&, StickParams const&)
 .text._Z9drawCwavePhjib7Buttons8RawStickRK13ControlConfigRK11StickParamsS7_
                0x0000000010002d10      0x150 CMakeFiles/phobgcc_rp2040.dir/src/drawMenu.cpp.obj
                0x0000000010002d10                drawCwave(unsigned char*, unsigned int, int, bool, Buttons, RawStick, ControlConfig const&, StickParams const&, StickParams const&)
 .text._Z11drawCoffsetPhjib7Buttons8RawStickRK13ControlConfigRK11StickParamsS7_
                0x0000000010002e60      0x14c CMakeFiles/phobgcc_rp2040.dir/src/drawMenu.cpp.obj
                0x0000000010002e60                drawCoffset(unsigned char*, unsigned int, int, bool, Buttons, RawStick, ControlConfig const&, StickParams const&, StickParams const&)
 .text._Z9drawRemapPhjib7Buttons8RawStickRK13ControlConfigRK11StickParamsS7_
                0x0000000010002fac      0x14c CMakeFiles/phobgcc_rp2040.dir/src/drawMenu.cpp.obj
                0x0000000010002fac                drawRemap(unsigned char*, unsigned int, int, bool, Buttons, RawStick, ControlConfig const&, StickParams const&, StickParams const&)
 .text._Z10drawRumblePhjib7Buttons8RawStickRK13ControlConfigRK11StickParamsS7_
                0x00000000100030f8       0xe4 CMakeFiles/phobgcc_rp2040.dir/src/drawMenu.cpp.obj
                0x00000000100030f8                drawRumble(unsigned char*, unsigned int, int, bool, Buttons, RawStick, ControlConfig const&, StickParams const&, StickParams const&)
 .text._Z11drawTriggerPhjib7Buttons8RawStickRK13ControlConfigRK11StickParamsS7_
                0x00000000100031dc      0x138 CMakeFiles/phobgcc_rp2040.dir/src/drawMenu.cpp.obj
                0x00000000100031dc                drawTrigger(unsigned char*, unsigned int, int, bool, Buttons, RawStick, ControlConfig const&, StickParams const&, StickParams const&)
 .text._Z15drawTriggerFastPhjib7ButtonsS0_8RawStickRK13ControlConfigRK11StickParamsS7_
                0x0000000010003314      0x1ec CMakeFiles/phobgcc_rp2040.dir/src/drawMenu.cpp.obj
                0x0000000010003314                drawTriggerFast(unsigned char*, unsigned int, int, bool, Buttons, Buttons, RawStick, ControlConfig const&, StickParams const&, StickParams const&)
 .text._Z12drawLtriggerPhjib7Buttons8RawStickRK13ControlConfigRK11StickParamsS7_
                0x0000000010003500      0x3f8 CMakeFiles/phobgcc_rp2040.dir/src/drawMenu.cpp.obj
                0x0000000010003500                drawLtrigger(unsigned char*, unsigned int, int, bool, Buttons, RawStick, ControlConfig const&, StickParams const&, StickParams const&)
 .text._Z12drawRtriggerPhjib7Buttons8RawStickRK13ControlConfigRK11StickParamsS7_
                0x00000000100038f8      0x3f8 CMakeFiles/phobgcc_rp2040.dir/src/drawMenu.cpp.obj
                0x00000000100038f8                drawRtrigger(unsigned char*, unsigned int, int, bool, Buttons, RawStick, ControlConfig const&, StickParams const&, StickParams const&)
 .text._Z9drawResetPhjib7Buttons8RawStickRK13ControlConfigRK11StickParamsS7_
                0x0000000010003cf0      0x110 CMakeFiles/phobgcc_rp2040.dir/src/drawMenu.cpp.obj
                0x0000000010003cf0                drawReset(unsigned char*, unsigned int, int, bool, Buttons, RawStick, ControlConfig const&, StickParams const&, StickParams const&)
 .text._Z17drawInputviewFastPhjib7ButtonsS0_8RawStickRK13ControlConfigRK11StickParamsS7_
                0x0000000010003e00      0x5b0 CMakeFiles/phobgcc_rp2040.dir/src/drawMenu.cpp.obj
                0x0000000010003e00                drawInputviewFast(unsigned char*, unsigned int, int, bool, Buttons, Buttons, RawStick, ControlConfig const&, StickParams const&, StickParams const&)
 .text._Z12drawMenuFastPhjibi7ButtonsS0_8RawStickRK13ControlConfigRK11StickParamsS7_
                0x00000000100043b0      0x218 CMakeFiles/phobgcc_rp2040.dir/src/drawMenu.cpp.obj
                0x00000000100043b0                drawMenuFast(unsigned char*, unsigned int, int, bool, int, Buttons, Buttons, RawStick, ControlConfig const&, StickParams const&, StickParams const&)
 .text._Z8drawMenuPhjibii7Buttons8RawStickRK13ControlConfigRK11StickParamsS7_
                0x00000000100045c8      0x618 CMakeFiles/phobgcc_rp2040.dir/src/drawMenu.cpp.obj
                0x00000000100045c8                drawMenu(unsigned char*, unsigned int, int, bool, int, int, Buttons, RawStick, ControlConfig const&, StickParams const&, StickParams const&)
 .text._ZNSt17_Function_handlerIF8GCReportvEPS1_E9_M_invokeERKSt9_Any_data
                0x0000000010004be0        0xc CMakeFiles/phobgcc_rp2040.dir/src/main.cpp.obj
                0x0000000010004be0                std::_Function_handler<GCReport (), GCReport (*)()>::_M_invoke(std::_Any_data const&)
 .text._ZNSt17_Function_handlerIF8GCReportvEPS1_E10_M_managerERSt9_Any_dataRKS4_St18_Manager_operation
                0x0000000010004bec       0x18 CMakeFiles/phobgcc_rp2040.dir/src/main.cpp.obj
                0x0000000010004bec                std::_Function_handler<GCReport (), GCReport (*)()>::_M_manager(std::_Any_data&, std::_Any_data const&, std::_Manager_operation)
 .text._Z13legalizeNotchiPfS_P11NotchStatus.constprop.0
                0x0000000010004c04      0x318 CMakeFiles/phobgcc_rp2040.dir/src/main.cpp.obj
 .text._Z10notchRemapffPfS_iRK11StickParamsi.constprop.0
                0x0000000010004f1c      0x26c CMakeFiles/phobgcc_rp2040.dir/src/main.cpp.obj
 .text._Z3detPdih.constprop.0
                0x0000000010005188      0x4e8 CMakeFiles/phobgcc_rp2040.dir/src/main.cpp.obj
 .text._Z8fitCurveiiPdS_iS_.constprop.0.isra.0
                0x0000000010005670      0x2f8 CMakeFiles/phobgcc_rp2040.dir/src/main.cpp.obj
 .text._Z11setPinModesv
                0x0000000010005968      0x1e4 CMakeFiles/phobgcc_rp2040.dir/src/main.cpp.obj
                0x0000000010005968                setPinModes()
 .text._Z11readButtonsRK4PinsR7Buttons
                0x0000000010005b4c      0x138 CMakeFiles/phobgcc_rp2040.dir/src/main.cpp.obj
                0x0000000010005b4c                readButtons(Pins const&, Buttons&)
 .text._Z14recomputeGainsRK11FilterGainsRS_
                0x0000000010005c84      0x10c CMakeFiles/phobgcc_rp2040.dir/src/main.cpp.obj
                0x0000000010005c84                recomputeGains(FilterGains const&, FilterGains&)
 .text._Z13resetDefaults9HardResetR13ControlConfigR11FilterGainsS3_R11StickParamsS5_b.constprop.0
                0x0000000010005d90      0x1cc CMakeFiles/phobgcc_rp2040.dir/src/main.cpp.obj
 .text._Z9runKalmanRfS_ffRK13ControlConfigRK11FilterGains
                0x0000000010005f5c      0x338 CMakeFiles/phobgcc_rp2040.dir/src/main.cpp.obj
                0x0000000010005f5c                runKalman(float&, float&, float, float, ControlConfig const&, FilterGains const&)
 .text._Z15aRunWaveShapingffRfS_RK13ControlConfigRK11FilterGains
                0x0000000010006294      0x204 CMakeFiles/phobgcc_rp2040.dir/src/main.cpp.obj
                0x0000000010006294                aRunWaveShaping(float, float, float&, float&, ControlConfig const&, FilterGains const&)
 .text._Z15cRunWaveShapingffRfS_RK13ControlConfigRK11FilterGains
                0x0000000010006498      0x204 CMakeFiles/phobgcc_rp2040.dir/src/main.cpp.obj
                0x0000000010006498                cRunWaveShaping(float, float, float&, float&, ControlConfig const&, FilterGains const&)
 .text._Z10readSticksiiR7ButtonsR4PinsR8RawStickRKS_RK13ControlConfigRK11FilterGainsRK11StickParamsSF_RfRib.constprop.0
                0x000000001000669c      0xb0c CMakeFiles/phobgcc_rp2040.dir/src/main.cpp.obj
 .text._Z10readSticksiiR7ButtonsR4PinsR8RawStickRKS_RK13ControlConfigRK11FilterGainsRK11StickParamsSF_RfRib.constprop.1
                0x00000000100071a8      0xa48 CMakeFiles/phobgcc_rp2040.dir/src/main.cpp.obj
 .text._Z18computeStickAnglesPfS_S_
                0x0000000010007bf0       0xe8 CMakeFiles/phobgcc_rp2040.dir/src/main.cpp.obj
                0x0000000010007bf0                computeStickAngles(float*, float*, float*)
 .text._Z18transformCalPointsPKfS0_PfS1_RK11StickParams
                0x0000000010007cd8      0x280 CMakeFiles/phobgcc_rp2040.dir/src/main.cpp.obj
                0x0000000010007cd8                transformCalPoints(float const*, float const*, float*, float*, StickParams const&)
 .text._Z14cleanCalPointsPKfS0_S0_PfS1_S1_S1_P11NotchStatus
                0x0000000010007f58      0x3a4 CMakeFiles/phobgcc_rp2040.dir/src/main.cpp.obj
                0x0000000010007f58                cleanCalPoints(float const*, float const*, float const*, float*, float*, float*, float*, NotchStatus*)
 .text._Z12linearizeCalPKfS0_PfS1_R11StickParams
                0x00000000100082fc      0x2b0 CMakeFiles/phobgcc_rp2040.dir/src/main.cpp.obj
                0x00000000100082fc                linearizeCal(float const*, float const*, float*, float*, StickParams&)
 .text._Z7inversePA3_KfRA3_A3_f
                0x00000000100085ac      0x1f0 CMakeFiles/phobgcc_rp2040.dir/src/main.cpp.obj
                0x00000000100085ac                inverse(float const (*) [3], float (&) [3][3])
 .text._Z14notchCalibratePKfS0_S0_S0_iR11StickParams
                0x000000001000879c      0x268 CMakeFiles/phobgcc_rp2040.dir/src/main.cpp.obj
                0x000000001000879c                notchCalibrate(float const*, float const*, float const*, float const*, int, StickParams&)
 .text._Z12freezeSticksiR7ButtonsS0_
                0x0000000010008a04       0x58 CMakeFiles/phobgcc_rp2040.dir/src/main.cpp.obj
                0x0000000010008a04                freezeSticks(int, Buttons&, Buttons&)
 .text._Z12changeRumble8IncreaseR7ButtonsS1_R13ControlConfig
                0x0000000010008a5c       0xd8 CMakeFiles/phobgcc_rp2040.dir/src/main.cpp.obj
                0x0000000010008a5c                changeRumble(Increase, Buttons&, Buttons&, ControlConfig&)
 .text._Z14changeAutoInitR7ButtonsS0_R13ControlConfig
                0x0000000010008b34       0x78 CMakeFiles/phobgcc_rp2040.dir/src/main.cpp.obj
                0x0000000010008b34                changeAutoInit(Buttons&, Buttons&, ControlConfig&)
 .text._Z14adjustSnapback9WhichAxis8IncreaseR7ButtonsS2_R13ControlConfigR11FilterGainsS6_
                0x0000000010008bac      0x154 CMakeFiles/phobgcc_rp2040.dir/src/main.cpp.obj
                0x0000000010008bac                adjustSnapback(WhichAxis, Increase, Buttons&, Buttons&, ControlConfig&, FilterGains&, FilterGains&)
 .text._Z17adjustWaveshaping10WhichStick9WhichAxis8IncreaseR7ButtonsS3_R13ControlConfig
                0x0000000010008d00      0x174 CMakeFiles/phobgcc_rp2040.dir/src/main.cpp.obj
                0x0000000010008d00                adjustWaveshaping(WhichStick, WhichAxis, Increase, Buttons&, Buttons&, ControlConfig&)
 .text._Z15adjustSmoothing9WhichAxis8IncreaseR7ButtonsS2_R13ControlConfigR11FilterGainsS6_
                0x0000000010008e74      0x124 CMakeFiles/phobgcc_rp2040.dir/src/main.cpp.obj
                0x0000000010008e74                adjustSmoothing(WhichAxis, Increase, Buttons&, Buttons&, ControlConfig&, FilterGains&, FilterGains&)
 .text._Z18showAstickSettingsR7ButtonsS0_RK13ControlConfigR11FilterGains
                0x0000000010008f98       0xac CMakeFiles/phobgcc_rp2040.dir/src/main.cpp.obj
                0x0000000010008f98                showAstickSettings(Buttons&, Buttons&, ControlConfig const&, FilterGains&)
 .text._Z21adjustCstickSmoothing9WhichAxis8IncreaseR7ButtonsS2_R13ControlConfigR11FilterGainsS6_
                0x0000000010009044      0x124 CMakeFiles/phobgcc_rp2040.dir/src/main.cpp.obj
                0x0000000010009044                adjustCstickSmoothing(WhichAxis, Increase, Buttons&, Buttons&, ControlConfig&, FilterGains&, FilterGains&)
 .text._Z18adjustCstickOffset9WhichAxis8IncreaseR7ButtonsS2_R13ControlConfig
                0x0000000010009168       0xe0 CMakeFiles/phobgcc_rp2040.dir/src/main.cpp.obj
                0x0000000010009168                adjustCstickOffset(WhichAxis, Increase, Buttons&, Buttons&, ControlConfig&)
 .text._Z18showCstickSettingsR7ButtonsS0_R13ControlConfigR11FilterGains
                0x0000000010009248       0xac CMakeFiles/phobgcc_rp2040.dir/src/main.cpp.obj
                0x0000000010009248                showCstickSettings(Buttons&, Buttons&, ControlConfig&, FilterGains&)
 .text._Z19adjustTriggerOffset12WhichTrigger8IncreaseR7ButtonsS2_R13ControlConfig
                0x00000000100092f4      0x134 CMakeFiles/phobgcc_rp2040.dir/src/main.cpp.obj
                0x00000000100092f4                adjustTriggerOffset(WhichTrigger, Increase, Buttons&, Buttons&, ControlConfig&)
 .text._Z13setJumpConfig10JumpConfigR13ControlConfig
                0x0000000010009428       0x1c CMakeFiles/phobgcc_rp2040.dir/src/main.cpp.obj
                0x0000000010009428                setJumpConfig(JumpConfig, ControlConfig&)
 .text._Z11toggleExtra10ExtrasSlotR7ButtonsS1_R13ControlConfig
                0x0000000010009444       0x80 CMakeFiles/phobgcc_rp2040.dir/src/main.cpp.obj
                0x0000000010009444                toggleExtra(ExtrasSlot, Buttons&, Buttons&, ControlConfig&)
 .text._Z16checkAdjustExtra10ExtrasSlotR7Buttonsb
                0x00000000100094c4      0x124 CMakeFiles/phobgcc_rp2040.dir/src/main.cpp.obj
                0x00000000100094c4                checkAdjustExtra(ExtrasSlot, Buttons&, bool)
 .text._Z16nextTriggerState12WhichTriggerR7ButtonsS1_R13ControlConfig
                0x00000000100095e8      0x100 CMakeFiles/phobgcc_rp2040.dir/src/main.cpp.obj
                0x00000000100095e8                nextTriggerState(WhichTrigger, Buttons&, Buttons&, ControlConfig&)
 .text._Z17initializeButtonsRK4PinsR7ButtonsRiS4_
                0x00000000100096e8      0x148 CMakeFiles/phobgcc_rp2040.dir/src/main.cpp.obj
                0x00000000100096e8                initializeButtons(Pins const&, Buttons&, int&, int&)
 .text._Z18applyCalFromPoints10WhichStickPfPKfS2_P11NotchStatusS0_R11StickParams
                0x0000000010009830      0x208 CMakeFiles/phobgcc_rp2040.dir/src/main.cpp.obj
                0x0000000010009830                applyCalFromPoints(WhichStick, float*, float const*, float const*, NotchStatus*, float*, StickParams&)
 .text._Z10readEEPROMR13ControlConfigR11FilterGainsS2_R11StickParamsS4_b
                0x0000000010009a38      0x4ec CMakeFiles/phobgcc_rp2040.dir/src/main.cpp.obj
                0x0000000010009a38                readEEPROM(ControlConfig&, FilterGains&, FilterGains&, StickParams&, StickParams&, bool)
 .text._Z13resetDefaults9HardResetR13ControlConfigR11FilterGainsS3_R11StickParamsS5_b
                0x0000000010009f24      0x38c CMakeFiles/phobgcc_rp2040.dir/src/main.cpp.obj
                0x0000000010009f24                resetDefaults(HardReset, ControlConfig&, FilterGains&, FilterGains&, StickParams&, StickParams&, bool)
 .text._Z15calibrationUndoRi10WhichStickP11NotchStatus
                0x000000001000a2b0       0xcc CMakeFiles/phobgcc_rp2040.dir/src/main.cpp.obj
                0x000000001000a2b0                calibrationUndo(int&, WhichStick, NotchStatus*)
 .text._Z18calibrationAdvanceR13ControlConfigRi10WhichStickPfS3_RbS3_P11NotchStatusS3_R11StickParamsS8_
                0x000000001000a37c      0x534 CMakeFiles/phobgcc_rp2040.dir/src/main.cpp.obj
                0x000000001000a37c                calibrationAdvance(ControlConfig&, int&, WhichStick, float*, float*, bool&, float*, NotchStatus*, float*, StickParams&, StickParams&)
 .text._Z11second_corev
                0x000000001000a8b0     0x248c CMakeFiles/phobgcc_rp2040.dir/src/main.cpp.obj
                0x000000001000a8b0                second_core()
 .text.startup.main
                0x000000001000cd3c      0x1b0 CMakeFiles/phobgcc_rp2040.dir/src/main.cpp.obj
                0x000000001000cd3c                main
 .text._Z12navigateMenuPhRjRiRhRbiRVhthR13ControlConfig
                0x000000001000ceec      0xf5c CMakeFiles/phobgcc_rp2040.dir/src/navigateMenu.cpp.obj
                0x000000001000ceec                navigateMenu(unsigned char*, unsigned int&, int&, unsigned char&, bool&, int, unsigned char volatile&, unsigned short, unsigned char, ControlConfig&)
 .text._Z14getStoragePagev.part.0
                0x000000001000de48     0x1064 CMakeFiles/phobgcc_rp2040.dir/src/storage.cpp.obj
 .text._Z14getJumpSettingv
                0x000000001000eeac       0x20 CMakeFiles/phobgcc_rp2040.dir/src/storage.cpp.obj
                0x000000001000eeac                getJumpSetting()
 .text._Z14setJumpSetting10JumpConfig
                0x000000001000eecc       0x20 CMakeFiles/phobgcc_rp2040.dir/src/storage.cpp.obj
                0x000000001000eecc                setJumpSetting(JumpConfig)
 .text._Z11getLSettingv
                0x000000001000eeec       0x24 CMakeFiles/phobgcc_rp2040.dir/src/storage.cpp.obj
                0x000000001000eeec                getLSetting()
 .text._Z11setLSettingi
                0x000000001000ef10       0x40 CMakeFiles/phobgcc_rp2040.dir/src/storage.cpp.obj
                0x000000001000ef10                setLSetting(int)
 .text._Z11getRSettingv
                0x000000001000ef50       0x24 CMakeFiles/phobgcc_rp2040.dir/src/storage.cpp.obj
                0x000000001000ef50                getRSetting()
 .text._Z11setRSettingi
                0x000000001000ef74       0x40 CMakeFiles/phobgcc_rp2040.dir/src/storage.cpp.obj
                0x000000001000ef74                setRSetting(int)
 .text._Z17getLOffsetSettingv
                0x000000001000efb4       0x24 CMakeFiles/phobgcc_rp2040.dir/src/storage.cpp.obj
                0x000000001000efb4                getLOffsetSetting()
 .text._Z17setLOffsetSettingi
                0x000000001000efd8       0x40 CMakeFiles/phobgcc_rp2040.dir/src/storage.cpp.obj
                0x000000001000efd8                setLOffsetSetting(int)
 .text._Z17getROffsetSettingv
                0x000000001000f018       0x24 CMakeFiles/phobgcc_rp2040.dir/src/storage.cpp.obj
                0x000000001000f018                getROffsetSetting()
 .text._Z17setROffsetSettingi
                0x000000001000f03c       0x40 CMakeFiles/phobgcc_rp2040.dir/src/storage.cpp.obj
                0x000000001000f03c                setROffsetSetting(int)
 .text._Z18getCxOffsetSettingv
                0x000000001000f07c       0x24 CMakeFiles/phobgcc_rp2040.dir/src/storage.cpp.obj
                0x000000001000f07c                getCxOffsetSetting()
 .text._Z18setCxOffsetSettingi
                0x000000001000f0a0       0x40 CMakeFiles/phobgcc_rp2040.dir/src/storage.cpp.obj
                0x000000001000f0a0                setCxOffsetSetting(int)
 .text._Z18getCyOffsetSettingv
                0x000000001000f0e0       0x24 CMakeFiles/phobgcc_rp2040.dir/src/storage.cpp.obj
                0x000000001000f0e0                getCyOffsetSetting()
 .text._Z18setCyOffsetSettingi
                0x000000001000f104       0x40 CMakeFiles/phobgcc_rp2040.dir/src/storage.cpp.obj
                0x000000001000f104                setCyOffsetSetting(int)
 .text._Z19getXSnapbackSettingv
                0x000000001000f144       0x24 CMakeFiles/phobgcc_rp2040.dir/src/storage.cpp.obj
                0x000000001000f144                getXSnapbackSetting()
 .text._Z19setXSnapbackSettingi
                0x000000001000f168       0x40 CMakeFiles/phobgcc_rp2040.dir/src/storage.cpp.obj
                0x000000001000f168                setXSnapbackSetting(int)
 .text._Z19getYSnapbackSettingv
                0x000000001000f1a8       0x24 CMakeFiles/phobgcc_rp2040.dir/src/storage.cpp.obj
                0x000000001000f1a8                getYSnapbackSetting()
 .text._Z19setYSnapbackSettingi
                0x000000001000f1cc       0x40 CMakeFiles/phobgcc_rp2040.dir/src/storage.cpp.obj
                0x000000001000f1cc                setYSnapbackSetting(int)
 .text._Z20getXSmoothingSettingv
                0x000000001000f20c       0x24 CMakeFiles/phobgcc_rp2040.dir/src/storage.cpp.obj
                0x000000001000f20c                getXSmoothingSetting()
 .text._Z20setXSmoothingSettingi
                0x000000001000f230       0x40 CMakeFiles/phobgcc_rp2040.dir/src/storage.cpp.obj
                0x000000001000f230                setXSmoothingSetting(int)
 .text._Z20getYSmoothingSettingv
                0x000000001000f270       0x24 CMakeFiles/phobgcc_rp2040.dir/src/storage.cpp.obj
                0x000000001000f270                getYSmoothingSetting()
 .text._Z20setYSmoothingSettingi
                0x000000001000f294       0x40 CMakeFiles/phobgcc_rp2040.dir/src/storage.cpp.obj
                0x000000001000f294                setYSmoothingSetting(int)
 .text._Z21getCxSmoothingSettingv
                0x000000001000f2d4       0x24 CMakeFiles/phobgcc_rp2040.dir/src/storage.cpp.obj
                0x000000001000f2d4                getCxSmoothingSetting()
 .text._Z21setCxSmoothingSettingi
                0x000000001000f2f8       0x40 CMakeFiles/phobgcc_rp2040.dir/src/storage.cpp.obj
                0x000000001000f2f8                setCxSmoothingSetting(int)
 .text._Z21getCySmoothingSettingv
                0x000000001000f338       0x24 CMakeFiles/phobgcc_rp2040.dir/src/storage.cpp.obj
                0x000000001000f338                getCySmoothingSetting()
 .text._Z21setCySmoothingSettingi
                0x000000001000f35c       0x40 CMakeFiles/phobgcc_rp2040.dir/src/storage.cpp.obj
                0x000000001000f35c                setCySmoothingSetting(int)
 .text._Z16getRumbleSettingv
                0x000000001000f39c       0x24 CMakeFiles/phobgcc_rp2040.dir/src/storage.cpp.obj
                0x000000001000f39c                getRumbleSetting()
 .text._Z16setRumbleSettingi
                0x000000001000f3c0       0x40 CMakeFiles/phobgcc_rp2040.dir/src/storage.cpp.obj
                0x000000001000f3c0                setRumbleSetting(int)
 .text._Z18getAutoInitSettingv
                0x000000001000f400       0x24 CMakeFiles/phobgcc_rp2040.dir/src/storage.cpp.obj
                0x000000001000f400                getAutoInitSetting()
 .text._Z18setAutoInitSettingi
                0x000000001000f424       0x40 CMakeFiles/phobgcc_rp2040.dir/src/storage.cpp.obj
                0x000000001000f424                setAutoInitSetting(int)
 .text._Z21getWaveshapingSetting10WhichStick9WhichAxis
                0x000000001000f464       0x58 CMakeFiles/phobgcc_rp2040.dir/src/storage.cpp.obj
                0x000000001000f464                getWaveshapingSetting(WhichStick, WhichAxis)
 .text._Z21setWaveshapingSettingi10WhichStick9WhichAxis
                0x000000001000f4bc       0x5c CMakeFiles/phobgcc_rp2040.dir/src/storage.cpp.obj
                0x000000001000f4bc                setWaveshapingSetting(int, WhichStick, WhichAxis)
 .text._Z16getPointsSettingPf10WhichStick9WhichAxis
                0x000000001000f518       0xa4 CMakeFiles/phobgcc_rp2040.dir/src/storage.cpp.obj
                0x000000001000f518                getPointsSetting(float*, WhichStick, WhichAxis)
 .text._Z16setPointsSettingPKf10WhichStick9WhichAxis
                0x000000001000f5bc      0x118 CMakeFiles/phobgcc_rp2040.dir/src/storage.cpp.obj
                0x000000001000f5bc                setPointsSetting(float const*, WhichStick, WhichAxis)
 .text._Z21getNotchAnglesSettingPf10WhichStick
                0x000000001000f6d4      0x1ec CMakeFiles/phobgcc_rp2040.dir/src/storage.cpp.obj
                0x000000001000f6d4                getNotchAnglesSetting(float*, WhichStick)
 .text._Z21setNotchAnglesSettingPKf10WhichStick
                0x000000001000f8c0      0x520 CMakeFiles/phobgcc_rp2040.dir/src/storage.cpp.obj
                0x000000001000f8c0                setNotchAnglesSetting(float const*, WhichStick)
 .text._Z19getExtrasSettingInt10ExtrasSloti
                0x000000001000fde0       0x5c CMakeFiles/phobgcc_rp2040.dir/src/storage.cpp.obj
                0x000000001000fde0                getExtrasSettingInt(ExtrasSlot, int)
 .text._Z19setExtrasSettingInt10ExtrasSlotii
                0x000000001000fe3c       0x6c CMakeFiles/phobgcc_rp2040.dir/src/storage.cpp.obj
                0x000000001000fe3c                setExtrasSettingInt(ExtrasSlot, int, int)
 .text._Z16getSchemaSettingv
                0x000000001000fea8       0x2c CMakeFiles/phobgcc_rp2040.dir/src/storage.cpp.obj
                0x000000001000fea8                getSchemaSetting()
 .text._Z16setSchemaSettingi
                0x000000001000fed4       0x48 CMakeFiles/phobgcc_rp2040.dir/src/storage.cpp.obj
                0x000000001000fed4                setSchemaSetting(int)
 .text._ZN11Persistence9commitPtrIVNS_5Pages7StorageEEEvPKT_b
                0x000000001000ff1c       0x5c CMakeFiles/phobgcc_rp2040.dir/src/storage.cpp.obj
                0x000000001000ff1c                void Persistence::commitPtr<Persistence::Pages::Storage volatile>(Persistence::Pages::Storage volatile const*, bool)
 .text._Z14commitSettingsb
                0x000000001000ff78       0x10 CMakeFiles/phobgcc_rp2040.dir/src/storage.cpp.obj
                0x000000001000ff78                commitSettings(bool)
 .text._ZN8kiteTRAK11TM1637_initEjj
                0x000000001000ff88      0x1c8 CMakeFiles/phobgcc_rp2040.dir/mnt/c/Users/ntste/Desktop/phob/PhobGCC-kiteTRAK/extras/kiteTRAK/kiteTRAK.cpp.obj
                0x000000001000ff88                kiteTRAK::TM1637_init(unsigned int, unsigned int)
 .text._ZN8kiteTRAK19TM1637_display_bothEiib
                0x0000000010010150      0x118 CMakeFiles/phobgcc_rp2040.dir/mnt/c/Users/ntste/Desktop/phob/PhobGCC-kiteTRAK/extras/kiteTRAK/kiteTRAK.cpp.obj
                0x0000000010010150                kiteTRAK::TM1637_display_both(int, int, bool)
 .text._ZN8kiteTRAK16TM1637_set_colonEb
                0x0000000010010268        0xc CMakeFiles/phobgcc_rp2040.dir/mnt/c/Users/ntste/Desktop/phob/PhobGCC-kiteTRAK/extras/kiteTRAK/kiteTRAK.cpp.obj
                0x0000000010010268                kiteTRAK::TM1637_set_colon(bool)
 .text._ZN8kiteTRAK16TM1637_start_seqEv
                0x0000000010010274       0x58 CMakeFiles/phobgcc_rp2040.dir/mnt/c/Users/ntste/Desktop/phob/PhobGCC-kiteTRAK/extras/kiteTRAK/kiteTRAK.cpp.obj
                0x0000000010010274                kiteTRAK::TM1637_start_seq()
 .text.set_sys_clock_pll
                0x00000000100102cc       0x78 CMakeFiles/phobgcc_rp2040.dir/mnt/c/Users/ntste/Desktop/phob/pico-sdk/src/rp2_common/pico_stdlib/stdlib.c.obj
                0x00000000100102cc                set_sys_clock_pll
 .text.check_sys_clock_khz
                0x0000000010010344      0x178 CMakeFiles/phobgcc_rp2040.dir/mnt/c/Users/ntste/Desktop/phob/pico-sdk/src/rp2_common/pico_stdlib/stdlib.c.obj
                0x0000000010010344                check_sys_clock_khz
 .text.gpio_set_function
                0x00000000100104bc       0x30 CMakeFiles/phobgcc_rp2040.dir/mnt/c/Users/ntste/Desktop/phob/pico-sdk/src/rp2_common/hardware_gpio/gpio.c.obj
                0x00000000100104bc                gpio_set_function
 .text.gpio_set_pulls
                0x00000000100104ec       0x30 CMakeFiles/phobgcc_rp2040.dir/mnt/c/Users/ntste/Desktop/phob/pico-sdk/src/rp2_common/hardware_gpio/gpio.c.obj
                0x00000000100104ec                gpio_set_pulls
 .text.gpio_set_input_enabled
                0x000000001001051c       0x28 CMakeFiles/phobgcc_rp2040.dir/mnt/c/Users/ntste/Desktop/phob/pico-sdk/src/rp2_common/hardware_gpio/gpio.c.obj
                0x000000001001051c                gpio_set_input_enabled
 .text.gpio_init
                0x0000000010010544       0x3c CMakeFiles/phobgcc_rp2040.dir/mnt/c/Users/ntste/Desktop/phob/pico-sdk/src/rp2_common/hardware_gpio/gpio.c.obj
                0x0000000010010544                gpio_init
 .text.running_on_fpga
                0x0000000010010580       0x10 CMakeFiles/phobgcc_rp2040.dir/mnt/c/Users/ntste/Desktop/phob/pico-sdk/src/rp2_common/pico_platform/platform.c.obj
                0x0000000010010580                running_on_fpga
 .text.hw_claim_lock
                0x0000000010010590       0x18 CMakeFiles/phobgcc_rp2040.dir/mnt/c/Users/ntste/Desktop/phob/pico-sdk/src/rp2_common/hardware_claim/claim.c.obj
                0x0000000010010590                hw_claim_lock
 .text.hw_claim_unlock
                0x00000000100105a8       0x14 CMakeFiles/phobgcc_rp2040.dir/mnt/c/Users/ntste/Desktop/phob/pico-sdk/src/rp2_common/hardware_claim/claim.c.obj
                0x00000000100105a8                hw_claim_unlock
 .text.hw_claim_or_assert
                0x00000000100105bc       0x44 CMakeFiles/phobgcc_rp2040.dir/mnt/c/Users/ntste/Desktop/phob/pico-sdk/src/rp2_common/hardware_claim/claim.c.obj
                0x00000000100105bc                hw_claim_or_assert
 .text.hw_claim_unused_from_range
                0x0000000010010600       0x9c CMakeFiles/phobgcc_rp2040.dir/mnt/c/Users/ntste/Desktop/phob/pico-sdk/src/rp2_common/hardware_claim/claim.c.obj
                0x0000000010010600                hw_claim_unused_from_range
 .text.spin_locks_reset
                0x000000001001069c       0x1c CMakeFiles/phobgcc_rp2040.dir/mnt/c/Users/ntste/Desktop/phob/pico-sdk/src/rp2_common/hardware_sync/sync.c.obj
                0x000000001001069c                spin_locks_reset
 .text.next_striped_spin_lock_num
                0x00000000100106b8       0x18 CMakeFiles/phobgcc_rp2040.dir/mnt/c/Users/ntste/Desktop/phob/pico-sdk/src/rp2_common/hardware_sync/sync.c.obj
                0x00000000100106b8                next_striped_spin_lock_num
 .text.spin_lock_claim_unused
                0x00000000100106d0       0x20 CMakeFiles/phobgcc_rp2040.dir/mnt/c/Users/ntste/Desktop/phob/pico-sdk/src/rp2_common/hardware_sync/sync.c.obj
                0x00000000100106d0                spin_lock_claim_unused
 .text.irq_set_enabled
                0x00000000100106f0       0x24 CMakeFiles/phobgcc_rp2040.dir/mnt/c/Users/ntste/Desktop/phob/pico-sdk/src/rp2_common/hardware_irq/irq.c.obj
                0x00000000100106f0                irq_set_enabled
 .text.irq_is_enabled
                0x0000000010010714       0x18 CMakeFiles/phobgcc_rp2040.dir/mnt/c/Users/ntste/Desktop/phob/pico-sdk/src/rp2_common/hardware_irq/irq.c.obj
                0x0000000010010714                irq_is_enabled
 .text.irq_set_pending
                0x000000001001072c       0x10 CMakeFiles/phobgcc_rp2040.dir/mnt/c/Users/ntste/Desktop/phob/pico-sdk/src/rp2_common/hardware_irq/irq.c.obj
                0x000000001001072c                irq_set_pending
 .text.irq_has_shared_handler
                0x000000001001073c       0x2c CMakeFiles/phobgcc_rp2040.dir/mnt/c/Users/ntste/Desktop/phob/pico-sdk/src/rp2_common/hardware_irq/irq.c.obj
                0x000000001001073c                irq_has_shared_handler
 .text.irq_get_vtable_handler
                0x0000000010010768       0x10 CMakeFiles/phobgcc_rp2040.dir/mnt/c/Users/ntste/Desktop/phob/pico-sdk/src/rp2_common/hardware_irq/irq.c.obj
                0x0000000010010768                irq_get_vtable_handler
 .text.irq_set_exclusive_handler
                0x0000000010010778       0x54 CMakeFiles/phobgcc_rp2040.dir/mnt/c/Users/ntste/Desktop/phob/pico-sdk/src/rp2_common/hardware_irq/irq.c.obj
                0x0000000010010778                irq_set_exclusive_handler
 .text.irq_add_shared_handler
                0x00000000100107cc      0x1e8 CMakeFiles/phobgcc_rp2040.dir/mnt/c/Users/ntste/Desktop/phob/pico-sdk/src/rp2_common/hardware_irq/irq.c.obj
                0x00000000100107cc                irq_add_shared_handler
 .text.irq_remove_handler
                0x00000000100109b4      0x1b0 CMakeFiles/phobgcc_rp2040.dir/mnt/c/Users/ntste/Desktop/phob/pico-sdk/src/rp2_common/hardware_irq/irq.c.obj
                0x00000000100109b4                irq_remove_handler
 .text.irq_add_tail_to_free_list
                0x0000000010010b64       0xb4 CMakeFiles/phobgcc_rp2040.dir/mnt/c/Users/ntste/Desktop/phob/pico-sdk/src/rp2_common/hardware_irq/irq.c.obj
                0x0000000010010b64                irq_add_tail_to_free_list
 .text.irq_init_priorities
                0x0000000010010c18       0x24 CMakeFiles/phobgcc_rp2040.dir/mnt/c/Users/ntste/Desktop/phob/pico-sdk/src/rp2_common/hardware_irq/irq.c.obj
                0x0000000010010c18                irq_init_priorities
 .text.user_irq_claim_unused
                0x0000000010010c3c       0x28 CMakeFiles/phobgcc_rp2040.dir/mnt/c/Users/ntste/Desktop/phob/pico-sdk/src/rp2_common/hardware_irq/irq.c.obj
                0x0000000010010c3c                user_irq_claim_unused
 .text.lock_init
                0x0000000010010c64       0x10 CMakeFiles/phobgcc_rp2040.dir/mnt/c/Users/ntste/Desktop/phob/pico-sdk/src/common/pico_sync/lock_core.c.obj
                0x0000000010010c64                lock_init
 .text.mutex_init
                0x0000000010010c74       0x1c CMakeFiles/phobgcc_rp2040.dir/mnt/c/Users/ntste/Desktop/phob/pico-sdk/src/common/pico_sync/mutex.c.obj
                0x0000000010010c74                mutex_init
 .text.recursive_mutex_init
                0x0000000010010c90       0x1c CMakeFiles/phobgcc_rp2040.dir/mnt/c/Users/ntste/Desktop/phob/pico-sdk/src/common/pico_sync/mutex.c.obj
                0x0000000010010c90                recursive_mutex_init
 .text.critical_section_init
                0x0000000010010cac       0x20 CMakeFiles/phobgcc_rp2040.dir/mnt/c/Users/ntste/Desktop/phob/pico-sdk/src/common/pico_sync/critical_section.c.obj
                0x0000000010010cac                critical_section_init
 .text.critical_section_init_with_lock_num
                0x0000000010010ccc       0x14 CMakeFiles/phobgcc_rp2040.dir/mnt/c/Users/ntste/Desktop/phob/pico-sdk/src/common/pico_sync/critical_section.c.obj
                0x0000000010010ccc                critical_section_init_with_lock_num
 .text.timer_pool_entry_comparator
                0x0000000010010ce0       0x34 CMakeFiles/phobgcc_rp2040.dir/mnt/c/Users/ntste/Desktop/phob/pico-sdk/src/common/pico_time/time.c.obj
                0x0000000010010ce0                timer_pool_entry_comparator
 .text.sleep_until_callback
                0x0000000010010d14       0x30 CMakeFiles/phobgcc_rp2040.dir/mnt/c/Users/ntste/Desktop/phob/pico-sdk/src/common/pico_time/time.c.obj
 .text.add_alarm_under_lock.isra.0
                0x0000000010010d44      0x100 CMakeFiles/phobgcc_rp2040.dir/mnt/c/Users/ntste/Desktop/phob/pico-sdk/src/common/pico_time/time.c.obj
 .text.alarm_pool_alarm_callback
                0x0000000010010e44      0x1b8 CMakeFiles/phobgcc_rp2040.dir/mnt/c/Users/ntste/Desktop/phob/pico-sdk/src/common/pico_time/time.c.obj
 .text.alarm_pool_init_default
                0x0000000010010ffc       0x6c CMakeFiles/phobgcc_rp2040.dir/mnt/c/Users/ntste/Desktop/phob/pico-sdk/src/common/pico_time/time.c.obj
                0x0000000010010ffc                alarm_pool_init_default
 .text.alarm_pool_get_default
                0x0000000010011068        0x8 CMakeFiles/phobgcc_rp2040.dir/mnt/c/Users/ntste/Desktop/phob/pico-sdk/src/common/pico_time/time.c.obj
                0x0000000010011068                alarm_pool_get_default
 .text.alarm_pool_add_alarm_at
                0x0000000010011070      0x17c CMakeFiles/phobgcc_rp2040.dir/mnt/c/Users/ntste/Desktop/phob/pico-sdk/src/common/pico_time/time.c.obj
                0x0000000010011070                alarm_pool_add_alarm_at
 .text.alarm_pool_cancel_alarm
                0x00000000100111ec       0x74 CMakeFiles/phobgcc_rp2040.dir/mnt/c/Users/ntste/Desktop/phob/pico-sdk/src/common/pico_time/time.c.obj
                0x00000000100111ec                alarm_pool_cancel_alarm
 .text.alarm_pool_core_num
                0x0000000010011260        0x4 CMakeFiles/phobgcc_rp2040.dir/mnt/c/Users/ntste/Desktop/phob/pico-sdk/src/common/pico_time/time.c.obj
                0x0000000010011260                alarm_pool_core_num
 .text.sleep_until
                0x0000000010011264       0xc4 CMakeFiles/phobgcc_rp2040.dir/mnt/c/Users/ntste/Desktop/phob/pico-sdk/src/common/pico_time/time.c.obj
                0x0000000010011264                sleep_until
 .text.sleep_us
                0x0000000010011328       0x24 CMakeFiles/phobgcc_rp2040.dir/mnt/c/Users/ntste/Desktop/phob/pico-sdk/src/common/pico_time/time.c.obj
                0x0000000010011328                sleep_us
 .text.best_effort_wfe_or_timeout
                0x000000001001134c       0x78 CMakeFiles/phobgcc_rp2040.dir/mnt/c/Users/ntste/Desktop/phob/pico-sdk/src/common/pico_time/time.c.obj
                0x000000001001134c                best_effort_wfe_or_timeout
 .text.hardware_alarm_irq_handler
                0x00000000100113c4       0xbc CMakeFiles/phobgcc_rp2040.dir/mnt/c/Users/ntste/Desktop/phob/pico-sdk/src/rp2_common/hardware_timer/timer.c.obj
 .text.hardware_alarm_claim
                0x0000000010011480       0x18 CMakeFiles/phobgcc_rp2040.dir/mnt/c/Users/ntste/Desktop/phob/pico-sdk/src/rp2_common/hardware_timer/timer.c.obj
                0x0000000010011480                hardware_alarm_claim
 .text.time_us_64
                0x0000000010011498       0x14 CMakeFiles/phobgcc_rp2040.dir/mnt/c/Users/ntste/Desktop/phob/pico-sdk/src/rp2_common/hardware_timer/timer.c.obj
                0x0000000010011498                time_us_64
 .text.busy_wait_until
                0x00000000100114ac       0x20 CMakeFiles/phobgcc_rp2040.dir/mnt/c/Users/ntste/Desktop/phob/pico-sdk/src/rp2_common/hardware_timer/timer.c.obj
                0x00000000100114ac                busy_wait_until
 .text.hardware_alarm_set_callback
                0x00000000100114cc       0x8c CMakeFiles/phobgcc_rp2040.dir/mnt/c/Users/ntste/Desktop/phob/pico-sdk/src/rp2_common/hardware_timer/timer.c.obj
                0x00000000100114cc                hardware_alarm_set_callback
 .text.hardware_alarm_set_target
                0x0000000010011558       0xe0 CMakeFiles/phobgcc_rp2040.dir/mnt/c/Users/ntste/Desktop/phob/pico-sdk/src/rp2_common/hardware_timer/timer.c.obj
                0x0000000010011558                hardware_alarm_set_target
 .text.hardware_alarm_cancel
                0x0000000010011638       0x3c CMakeFiles/phobgcc_rp2040.dir/mnt/c/Users/ntste/Desktop/phob/pico-sdk/src/rp2_common/hardware_timer/timer.c.obj
                0x0000000010011638                hardware_alarm_cancel
 .text.ph_merge_nodes
                0x0000000010011674       0x68 CMakeFiles/phobgcc_rp2040.dir/mnt/c/Users/ntste/Desktop/phob/pico-sdk/src/common/pico_util/pheap.c.obj
 .text.ph_post_alloc_init
                0x00000000100116dc       0x3c CMakeFiles/phobgcc_rp2040.dir/mnt/c/Users/ntste/Desktop/phob/pico-sdk/src/common/pico_util/pheap.c.obj
                0x00000000100116dc                ph_post_alloc_init
 .text.ph_merge_two_pass
                0x0000000010011718       0x90 CMakeFiles/phobgcc_rp2040.dir/mnt/c/Users/ntste/Desktop/phob/pico-sdk/src/common/pico_util/pheap.c.obj
                0x0000000010011718                ph_merge_two_pass
 .text.ph_remove_any_head
                0x00000000100117a8      0x100 CMakeFiles/phobgcc_rp2040.dir/mnt/c/Users/ntste/Desktop/phob/pico-sdk/src/common/pico_util/pheap.c.obj
 .text.ph_remove_head
                0x00000000100118a8      0x104 CMakeFiles/phobgcc_rp2040.dir/mnt/c/Users/ntste/Desktop/phob/pico-sdk/src/common/pico_util/pheap.c.obj
                0x00000000100118a8                ph_remove_head
 .text.ph_remove_and_free_node
                0x00000000100119ac       0x7c CMakeFiles/phobgcc_rp2040.dir/mnt/c/Users/ntste/Desktop/phob/pico-sdk/src/common/pico_util/pheap.c.obj
                0x00000000100119ac                ph_remove_and_free_node
 .text.uart_init
                0x0000000010011a28       0xe0 CMakeFiles/phobgcc_rp2040.dir/mnt/c/Users/ntste/Desktop/phob/pico-sdk/src/rp2_common/hardware_uart/uart.c.obj
                0x0000000010011a28                uart_init
 .text.clock_configure
                0x0000000010011b08      0x114 CMakeFiles/phobgcc_rp2040.dir/mnt/c/Users/ntste/Desktop/phob/pico-sdk/src/rp2_common/hardware_clocks/clocks.c.obj
                0x0000000010011b08                clock_configure
 .text.clocks_init
                0x0000000010011c1c      0x2bc CMakeFiles/phobgcc_rp2040.dir/mnt/c/Users/ntste/Desktop/phob/pico-sdk/src/rp2_common/hardware_clocks/clocks.c.obj
                0x0000000010011c1c                clocks_init
 .text.clock_get_hz
                0x0000000010011ed8        0xc CMakeFiles/phobgcc_rp2040.dir/mnt/c/Users/ntste/Desktop/phob/pico-sdk/src/rp2_common/hardware_clocks/clocks.c.obj
                0x0000000010011ed8                clock_get_hz
 .text.pll_init
                0x0000000010011ee4       0xb0 CMakeFiles/phobgcc_rp2040.dir/mnt/c/Users/ntste/Desktop/phob/pico-sdk/src/rp2_common/hardware_pll/pll.c.obj
                0x0000000010011ee4                pll_init
 .text.watchdog_start_tick
                0x0000000010011f94       0x10 CMakeFiles/phobgcc_rp2040.dir/mnt/c/Users/ntste/Desktop/phob/pico-sdk/src/rp2_common/hardware_watchdog/watchdog.c.obj
                0x0000000010011f94                watchdog_start_tick
 .text.watchdog_reboot
                0x0000000010011fa4       0x98 CMakeFiles/phobgcc_rp2040.dir/mnt/c/Users/ntste/Desktop/phob/pico-sdk/src/rp2_common/hardware_watchdog/watchdog.c.obj
                0x0000000010011fa4                watchdog_reboot
 .text.xosc_init
                0x000000001001203c       0x28 CMakeFiles/phobgcc_rp2040.dir/mnt/c/Users/ntste/Desktop/phob/pico-sdk/src/rp2_common/hardware_xosc/xosc.c.obj
                0x000000001001203c                xosc_init
 .text.runtime_init
                0x0000000010012064       0xf0 CMakeFiles/phobgcc_rp2040.dir/mnt/c/Users/ntste/Desktop/phob/pico-sdk/src/rp2_common/pico_runtime/runtime.c.obj
                0x0000000010012064                runtime_init
 .text._exit    0x0000000010012154        0x4 CMakeFiles/phobgcc_rp2040.dir/mnt/c/Users/ntste/Desktop/phob/pico-sdk/src/rp2_common/pico_runtime/runtime.c.obj
                0x0000000010012154                _exit
 .text._sbrk    0x0000000010012158       0x34 CMakeFiles/phobgcc_rp2040.dir/mnt/c/Users/ntste/Desktop/phob/pico-sdk/src/rp2_common/pico_runtime/runtime.c.obj
                0x0000000010012158                _sbrk
 .text._getpid  0x000000001001218c        0x4 CMakeFiles/phobgcc_rp2040.dir/mnt/c/Users/ntste/Desktop/phob/pico-sdk/src/rp2_common/pico_runtime/runtime.c.obj
                0x000000001001218c                _getpid
 .text._kill    0x0000000010012190        0x8 CMakeFiles/phobgcc_rp2040.dir/mnt/c/Users/ntste/Desktop/phob/pico-sdk/src/rp2_common/pico_runtime/runtime.c.obj
                0x0000000010012190                _kill
 .text.exit     0x0000000010012198        0x8 CMakeFiles/phobgcc_rp2040.dir/mnt/c/Users/ntste/Desktop/phob/pico-sdk/src/rp2_common/pico_runtime/runtime.c.obj
                0x0000000010012198                exit
 .text.panic    0x00000000100121a0       0x30 CMakeFiles/phobgcc_rp2040.dir/mnt/c/Users/ntste/Desktop/phob/pico-sdk/src/rp2_common/pico_runtime/runtime.c.obj
                0x00000000100121a0                panic
 .text.hard_assertion_failure
                0x00000000100121d0        0xc CMakeFiles/phobgcc_rp2040.dir/mnt/c/Users/ntste/Desktop/phob/pico-sdk/src/rp2_common/pico_runtime/runtime.c.obj
                0x00000000100121d0                hard_assertion_failure
 .text._out_buffer
                0x00000000100121dc        0x8 CMakeFiles/phobgcc_rp2040.dir/mnt/c/Users/ntste/Desktop/phob/pico-sdk/src/rp2_common/pico_printf/printf.c.obj
 .text._out_null
                0x00000000100121e4        0x4 CMakeFiles/phobgcc_rp2040.dir/mnt/c/Users/ntste/Desktop/phob/pico-sdk/src/rp2_common/pico_printf/printf.c.obj
 .text._out_rev
                0x00000000100121e8       0x9c CMakeFiles/phobgcc_rp2040.dir/mnt/c/Users/ntste/Desktop/phob/pico-sdk/src/rp2_common/pico_printf/printf.c.obj
 .text._ntoa_format
                0x0000000010012284      0x1cc CMakeFiles/phobgcc_rp2040.dir/mnt/c/Users/ntste/Desktop/phob/pico-sdk/src/rp2_common/pico_printf/printf.c.obj
 .text._out_char
                0x0000000010012450       0x10 CMakeFiles/phobgcc_rp2040.dir/mnt/c/Users/ntste/Desktop/phob/pico-sdk/src/rp2_common/pico_printf/printf.c.obj
 .text._etoa    0x0000000010012460      0x44c CMakeFiles/phobgcc_rp2040.dir/mnt/c/Users/ntste/Desktop/phob/pico-sdk/src/rp2_common/pico_printf/printf.c.obj
 .text._ftoa    0x00000000100128ac      0x398 CMakeFiles/phobgcc_rp2040.dir/mnt/c/Users/ntste/Desktop/phob/pico-sdk/src/rp2_common/pico_printf/printf.c.obj
 .text._vsnprintf
                0x0000000010012c44      0xb04 CMakeFiles/phobgcc_rp2040.dir/mnt/c/Users/ntste/Desktop/phob/pico-sdk/src/rp2_common/pico_printf/printf.c.obj
 .text.__wrap_vsnprintf
                0x0000000010013748       0x1c CMakeFiles/phobgcc_rp2040.dir/mnt/c/Users/ntste/Desktop/phob/pico-sdk/src/rp2_common/pico_printf/printf.c.obj
                0x0000000010013748                __wrap_vsnprintf
 .text.weak_raw_vprintf
                0x0000000010013764       0x30 CMakeFiles/phobgcc_rp2040.dir/mnt/c/Users/ntste/Desktop/phob/pico-sdk/src/rp2_common/pico_printf/printf.c.obj
                0x0000000010013764                weak_raw_vprintf
 .text          0x0000000010013794       0x10 CMakeFiles/phobgcc_rp2040.dir/mnt/c/Users/ntste/Desktop/phob/pico-sdk/src/rp2_common/pico_bit_ops/bit_ops_aeabi.S.obj
 .text.ctzsi    0x00000000100137a4        0xc CMakeFiles/phobgcc_rp2040.dir/mnt/c/Users/ntste/Desktop/phob/pico-sdk/src/rp2_common/pico_bit_ops/bit_ops_aeabi.S.obj
                0x00000000100137a4                __wrap___ctzsi2
 .text.rom_func_lookup
                0x00000000100137b0       0x10 CMakeFiles/phobgcc_rp2040.dir/mnt/c/Users/ntste/Desktop/phob/pico-sdk/src/rp2_common/pico_bootrom/bootrom.c.obj
                0x00000000100137b0                rom_func_lookup
 .text.rom_data_lookup
                0x00000000100137c0       0x10 CMakeFiles/phobgcc_rp2040.dir/mnt/c/Users/ntste/Desktop/phob/pico-sdk/src/rp2_common/pico_bootrom/bootrom.c.obj
                0x00000000100137c0                rom_data_lookup
 .text.rom_funcs_lookup
                0x00000000100137d0       0x44 CMakeFiles/phobgcc_rp2040.dir/mnt/c/Users/ntste/Desktop/phob/pico-sdk/src/rp2_common/pico_bootrom/bootrom.c.obj
                0x00000000100137d0                rom_funcs_lookup
 .text.__wrap___aeabi_idiv
                0x0000000010013814       0x50 CMakeFiles/phobgcc_rp2040.dir/mnt/c/Users/ntste/Desktop/phob/pico-sdk/src/rp2_common/pico_divider/divider.S.obj
                0x0000000010013814                __wrap___aeabi_idivmod
                0x0000000010013814                divmod_s32s32
                0x0000000010013814                div_s32s32
                0x0000000010013814                __wrap___aeabi_idiv
                0x000000001001381c                divmod_s32s32_unsafe
                0x0000000010013848                divmod_s32s32_savestate
 .text.__wrap___aeabi_uidiv
                0x0000000010013864       0x4c CMakeFiles/phobgcc_rp2040.dir/mnt/c/Users/ntste/Desktop/phob/pico-sdk/src/rp2_common/pico_divider/divider.S.obj
                0x0000000010013864                __wrap___aeabi_uidiv
                0x0000000010013864                __wrap___aeabi_uidivmod
                0x0000000010013864                div_u32u32
                0x0000000010013864                divmod_u32u32
                0x000000001001386c                divmod_u32u32_unsafe
                0x0000000010013894                divmod_u32u32_savestate
 .text.__wrap___aeabi_ldiv
                0x00000000100138b0      0x424 CMakeFiles/phobgcc_rp2040.dir/mnt/c/Users/ntste/Desktop/phob/pico-sdk/src/rp2_common/pico_divider/divider.S.obj
                0x00000000100138b0                div_s64s64
                0x00000000100138b0                divmod_s64s64
                0x00000000100138b0                __wrap___aeabi_ldivmod
                0x00000000100138e0                div_u64u64
                0x00000000100138e0                divmod_u64u64
                0x00000000100138e0                __wrap___aeabi_uldivmod
                0x00000000100138f0                divmod_u64u64_savestate
                0x0000000010013910                divmod_s64s64_unsafe
                0x0000000010013998                divmod_u64u64_unsafe
 .text.__wrap___aeabi_darithmetic
                0x0000000010013cd4       0x80 CMakeFiles/phobgcc_rp2040.dir/mnt/c/Users/ntste/Desktop/phob/pico-sdk/src/rp2_common/pico_double/double_aeabi.S.obj
                0x0000000010013cd4                __wrap___aeabi_drsub
                0x0000000010013cda                __wrap___aeabi_dsub
                0x0000000010013cec                __wrap___aeabi_dadd
                0x0000000010013cfe                __wrap___aeabi_ddiv
                0x0000000010013d3a                __wrap___aeabi_dmul
 .text.__wrap___aeabi_cdcmple
                0x0000000010013d54       0x6c CMakeFiles/phobgcc_rp2040.dir/mnt/c/Users/ntste/Desktop/phob/pico-sdk/src/rp2_common/pico_double/double_aeabi.S.obj
                0x0000000010013d54                __wrap___aeabi_cdrcmple
                0x0000000010013d64                __wrap___aeabi_cdcmple
                0x0000000010013d64                __wrap___aeabi_cdcmpeq
 .text.__wrap___aeabi_dcmpeq
                0x0000000010013dc0       0x10 CMakeFiles/phobgcc_rp2040.dir/mnt/c/Users/ntste/Desktop/phob/pico-sdk/src/rp2_common/pico_double/double_aeabi.S.obj
                0x0000000010013dc0                __wrap___aeabi_dcmpeq
 .text.__wrap___aeabi_dcmplt
                0x0000000010013dd0        0xc CMakeFiles/phobgcc_rp2040.dir/mnt/c/Users/ntste/Desktop/phob/pico-sdk/src/rp2_common/pico_double/double_aeabi.S.obj
                0x0000000010013dd0                __wrap___aeabi_dcmplt
 .text.__wrap___aeabi_dcmple
                0x0000000010013ddc       0x10 CMakeFiles/phobgcc_rp2040.dir/mnt/c/Users/ntste/Desktop/phob/pico-sdk/src/rp2_common/pico_double/double_aeabi.S.obj
                0x0000000010013ddc                __wrap___aeabi_dcmple
 .text.__wrap___aeabi_dcmpge
                0x0000000010013dec       0x10 CMakeFiles/phobgcc_rp2040.dir/mnt/c/Users/ntste/Desktop/phob/pico-sdk/src/rp2_common/pico_double/double_aeabi.S.obj
                0x0000000010013dec                __wrap___aeabi_dcmpge
 .text.__wrap___aeabi_dcmpgt
                0x0000000010013dfc        0xa CMakeFiles/phobgcc_rp2040.dir/mnt/c/Users/ntste/Desktop/phob/pico-sdk/src/rp2_common/pico_double/double_aeabi.S.obj
                0x0000000010013dfc                __wrap___aeabi_dcmpgt
 .text.__wrap___aeabi_dcmpun
                0x0000000010013e06       0x1c CMakeFiles/phobgcc_rp2040.dir/mnt/c/Users/ntste/Desktop/phob/pico-sdk/src/rp2_common/pico_double/double_aeabi.S.obj
                0x0000000010013e06                __wrap___aeabi_dcmpun
 *fill*         0x0000000010013e22        0x2 
 .text.__wrap___aeabi_i2d
                0x0000000010013e24       0x38 CMakeFiles/phobgcc_rp2040.dir/mnt/c/Users/ntste/Desktop/phob/pico-sdk/src/rp2_common/pico_double/double_aeabi.S.obj
                0x0000000010013e24                __wrap___aeabi_ui2d
                0x0000000010013e2c                __wrap___aeabi_i2d
 .text.__wrap___aeabi_d2iz
                0x0000000010013e5c       0x48 CMakeFiles/phobgcc_rp2040.dir/mnt/c/Users/ntste/Desktop/phob/pico-sdk/src/rp2_common/pico_double/double_aeabi.S.obj
                0x0000000010013e5c                __wrap___aeabi_d2iz
                0x0000000010013e5c                double2int_z
 .text.__wrap___aeabi_d2uiz
                0x0000000010013ea4       0x18 CMakeFiles/phobgcc_rp2040.dir/mnt/c/Users/ntste/Desktop/phob/pico-sdk/src/rp2_common/pico_double/double_aeabi.S.obj
                0x0000000010013ea4                double2uint
                0x0000000010013ea4                __wrap___aeabi_d2uiz
 .text.__wrap___aeabi_d2f
                0x0000000010013ebc       0x18 CMakeFiles/phobgcc_rp2040.dir/mnt/c/Users/ntste/Desktop/phob/pico-sdk/src/rp2_common/pico_double/double_aeabi.S.obj
                0x0000000010013ebc                __wrap___aeabi_d2f
 .text.__wrap_srqt
                0x0000000010013ed4       0x18 CMakeFiles/phobgcc_rp2040.dir/mnt/c/Users/ntste/Desktop/phob/pico-sdk/src/rp2_common/pico_double/double_aeabi.S.obj
                0x0000000010013ed4                __wrap_sqrt
 .text.__wrap_exp
                0x0000000010013eec       0x18 CMakeFiles/phobgcc_rp2040.dir/mnt/c/Users/ntste/Desktop/phob/pico-sdk/src/rp2_common/pico_double/double_aeabi.S.obj
                0x0000000010013eec                __wrap_exp
 .text.__wrap_log
                0x0000000010013f04       0x18 CMakeFiles/phobgcc_rp2040.dir/mnt/c/Users/ntste/Desktop/phob/pico-sdk/src/rp2_common/pico_double/double_aeabi.S.obj
                0x0000000010013f04                __wrap_log
 .text.__aeabi_double_init
                0x0000000010013f1c       0x94 CMakeFiles/phobgcc_rp2040.dir/mnt/c/Users/ntste/Desktop/phob/pico-sdk/src/rp2_common/pico_double/double_init_rom.c.obj
                0x0000000010013f1c                __aeabi_double_init
 .text.dpow_1   0x0000000010013fb0      0x274 CMakeFiles/phobgcc_rp2040.dir/mnt/c/Users/ntste/Desktop/phob/pico-sdk/src/rp2_common/pico_double/double_math.c.obj
 .text.dpow_int2
                0x0000000010014224       0xf8 CMakeFiles/phobgcc_rp2040.dir/mnt/c/Users/ntste/Desktop/phob/pico-sdk/src/rp2_common/pico_double/double_math.c.obj
 .text.dpow_0   0x000000001001431c      0x1cc CMakeFiles/phobgcc_rp2040.dir/mnt/c/Users/ntste/Desktop/phob/pico-sdk/src/rp2_common/pico_double/double_math.c.obj
 .text.__wrap_ldexp
                0x00000000100144e8       0x4c CMakeFiles/phobgcc_rp2040.dir/mnt/c/Users/ntste/Desktop/phob/pico-sdk/src/rp2_common/pico_double/double_math.c.obj
                0x00000000100144e8                __wrap_ldexp
 .text.__wrap_round
                0x0000000010014534       0xa0 CMakeFiles/phobgcc_rp2040.dir/mnt/c/Users/ntste/Desktop/phob/pico-sdk/src/rp2_common/pico_double/double_math.c.obj
                0x0000000010014534                __wrap_round
 .text.__wrap_exp2
                0x00000000100145d4       0xbc CMakeFiles/phobgcc_rp2040.dir/mnt/c/Users/ntste/Desktop/phob/pico-sdk/src/rp2_common/pico_double/double_math.c.obj
                0x00000000100145d4                __wrap_exp2
 .text.__wrap_pow
                0x0000000010014690      0x314 CMakeFiles/phobgcc_rp2040.dir/mnt/c/Users/ntste/Desktop/phob/pico-sdk/src/rp2_common/pico_double/double_math.c.obj
                0x0000000010014690                __wrap_pow
 .text.double_table_shim_on_use_helper
                0x00000000100149a4       0x2c CMakeFiles/phobgcc_rp2040.dir/mnt/c/Users/ntste/Desktop/phob/pico-sdk/src/rp2_common/pico_double/double_v1_rom_shim.S.obj
                0x00000000100149a4                double_table_shim_on_use_helper
 .text.__wrap___aeabi_dsub
                0x00000000100149d0       0x10 CMakeFiles/phobgcc_rp2040.dir/mnt/c/Users/ntste/Desktop/phob/pico-sdk/src/rp2_common/pico_double/double_v1_rom_shim.S.obj
                0x00000000100149d0                drsub_shim
                0x00000000100149d6                dsub_shim
 .text.dadd_shim
                0x00000000100149e0      0x15c CMakeFiles/phobgcc_rp2040.dir/mnt/c/Users/ntste/Desktop/phob/pico-sdk/src/rp2_common/pico_double/double_v1_rom_shim.S.obj
                0x00000000100149e0                dadd_shim
 .text.dmul_shim
                0x0000000010014b3c      0x15c CMakeFiles/phobgcc_rp2040.dir/mnt/c/Users/ntste/Desktop/phob/pico-sdk/src/rp2_common/pico_double/double_v1_rom_shim.S.obj
                0x0000000010014b3c                dmul_shim
 .text.ddiv_shim
                0x0000000010014c98      0x1b0 CMakeFiles/phobgcc_rp2040.dir/mnt/c/Users/ntste/Desktop/phob/pico-sdk/src/rp2_common/pico_double/double_v1_rom_shim.S.obj
                0x0000000010014c98                ddiv_shim
 .text.dsqrt_shim
                0x0000000010014e48      0x1a8 CMakeFiles/phobgcc_rp2040.dir/mnt/c/Users/ntste/Desktop/phob/pico-sdk/src/rp2_common/pico_double/double_v1_rom_shim.S.obj
                0x0000000010014e64                dsqrt_shim
 .text.double2uint_shim
                0x0000000010014ff0        0xe CMakeFiles/phobgcc_rp2040.dir/mnt/c/Users/ntste/Desktop/phob/pico-sdk/src/rp2_common/pico_double/double_v1_rom_shim.S.obj
                0x0000000010014ff0                double2uint_shim
                0x0000000010014ff2                double2ufix_shim
 *fill*         0x0000000010014ffe        0x2 
 .text.double2uint64_shim
                0x0000000010015000       0x70 CMakeFiles/phobgcc_rp2040.dir/mnt/c/Users/ntste/Desktop/phob/pico-sdk/src/rp2_common/pico_double/double_v1_rom_shim.S.obj
                0x0000000010015000                double2uint64_shim
                0x0000000010015002                double2ufix64_shim
                0x0000000010015022                d2fix_a
 .text.double2float_shim
                0x0000000010015070       0x5c CMakeFiles/phobgcc_rp2040.dir/mnt/c/Users/ntste/Desktop/phob/pico-sdk/src/rp2_common/pico_double/double_v1_rom_shim.S.obj
                0x0000000010015070                double2float_shim
 .text.x2double_shims
                0x00000000100150cc       0x90 CMakeFiles/phobgcc_rp2040.dir/mnt/c/Users/ntste/Desktop/phob/pico-sdk/src/rp2_common/pico_double/double_v1_rom_shim.S.obj
                0x00000000100150cc                uint2double_shim
                0x00000000100150ce                ufix2double_shim
                0x00000000100150d4                int2double_shim
                0x00000000100150d6                fix2double_shim
                0x00000000100150dc                uint642double_shim
                0x00000000100150de                ufix642double_shim
                0x00000000100150e4                int642double_shim
                0x00000000100150e6                fix642double_shim
 .text.dunpacks
                0x000000001001515c       0x3c CMakeFiles/phobgcc_rp2040.dir/mnt/c/Users/ntste/Desktop/phob/pico-sdk/src/rp2_common/pico_double/double_v1_rom_shim.S.obj
                0x000000001001515c                dunpacks
 .text.dreduce  0x0000000010015198       0x82 CMakeFiles/phobgcc_rp2040.dir/mnt/c/Users/ntste/Desktop/phob/pico-sdk/src/rp2_common/pico_double/double_v1_rom_shim.S.obj
                0x0000000010015198                dreduce
 *fill*         0x000000001001521a        0x2 
 .text.dexp_guts
                0x000000001001521c      0x268 CMakeFiles/phobgcc_rp2040.dir/mnt/c/Users/ntste/Desktop/phob/pico-sdk/src/rp2_common/pico_double/double_v1_rom_shim.S.obj
                0x000000001001521c                dexp_shim
                0x00000000100152b8                dln_shim
 .text.__aeabi_lmul
                0x0000000010015484       0x32 CMakeFiles/phobgcc_rp2040.dir/mnt/c/Users/ntste/Desktop/phob/pico-sdk/src/rp2_common/pico_int64_ops/pico_int64_ops_aeabi.S.obj
                0x0000000010015484                __wrap___aeabi_lmul
 *fill*         0x00000000100154b6        0x2 
 .text.__wrap___aeabi_farithmetic
                0x00000000100154b8       0x48 CMakeFiles/phobgcc_rp2040.dir/mnt/c/Users/ntste/Desktop/phob/pico-sdk/src/rp2_common/pico_float/float_aeabi.S.obj
                0x00000000100154b8                __wrap___aeabi_frsub
                0x00000000100154be                __wrap___aeabi_fsub
                0x00000000100154c4                __wrap___aeabi_fadd
                0x00000000100154ca                __wrap___aeabi_fdiv
                0x00000000100154f2                __wrap___aeabi_fmul
 .text.__wrap___aeabi_cfcmple
                0x0000000010015500       0x50 CMakeFiles/phobgcc_rp2040.dir/mnt/c/Users/ntste/Desktop/phob/pico-sdk/src/rp2_common/pico_float/float_aeabi.S.obj
                0x0000000010015500                __wrap___aeabi_cfrcmple
                0x000000001001550c                __wrap___aeabi_cfcmpeq
                0x000000001001550c                __wrap___aeabi_cfcmple
 .text.__wrap___aeabi_fcmplt
                0x0000000010015550        0xc CMakeFiles/phobgcc_rp2040.dir/mnt/c/Users/ntste/Desktop/phob/pico-sdk/src/rp2_common/pico_float/float_aeabi.S.obj
                0x0000000010015550                __wrap___aeabi_fcmplt
 .text.__wrap___aeabi_fcmple
                0x000000001001555c       0x10 CMakeFiles/phobgcc_rp2040.dir/mnt/c/Users/ntste/Desktop/phob/pico-sdk/src/rp2_common/pico_float/float_aeabi.S.obj
                0x000000001001555c                __wrap___aeabi_fcmple
 .text.__wrap___aeabi_fcmpge
                0x000000001001556c       0x10 CMakeFiles/phobgcc_rp2040.dir/mnt/c/Users/ntste/Desktop/phob/pico-sdk/src/rp2_common/pico_float/float_aeabi.S.obj
                0x000000001001556c                __wrap___aeabi_fcmpge
 .text.__wrap___aeabi_fcmpgt
                0x000000001001557c        0xa CMakeFiles/phobgcc_rp2040.dir/mnt/c/Users/ntste/Desktop/phob/pico-sdk/src/rp2_common/pico_float/float_aeabi.S.obj
                0x000000001001557c                __wrap___aeabi_fcmpgt
 .text.__wrap___aeabi_ui2f
                0x0000000010015586        0xa CMakeFiles/phobgcc_rp2040.dir/mnt/c/Users/ntste/Desktop/phob/pico-sdk/src/rp2_common/pico_float/float_aeabi.S.obj
                0x0000000010015586                __wrap___aeabi_ui2f
 .text.__wrap___aeabi_i2f
                0x0000000010015590       0x44 CMakeFiles/phobgcc_rp2040.dir/mnt/c/Users/ntste/Desktop/phob/pico-sdk/src/rp2_common/pico_float/float_aeabi.S.obj
                0x0000000010015590                __wrap___aeabi_i2f
 .text.__wrap___aeabi_f2iz
                0x00000000100155d4       0x4e CMakeFiles/phobgcc_rp2040.dir/mnt/c/Users/ntste/Desktop/phob/pico-sdk/src/rp2_common/pico_float/float_aeabi.S.obj
                0x00000000100155d4                __wrap___aeabi_f2iz
                0x00000000100155d4                float2int_z
 *fill*         0x0000000010015622        0x2 
 .text.float2int
                0x0000000010015624       0x14 CMakeFiles/phobgcc_rp2040.dir/mnt/c/Users/ntste/Desktop/phob/pico-sdk/src/rp2_common/pico_float/float_aeabi.S.obj
                0x0000000010015624                float2int
 .text.__wrap___aeabi_f2uiz
                0x0000000010015638        0xc CMakeFiles/phobgcc_rp2040.dir/mnt/c/Users/ntste/Desktop/phob/pico-sdk/src/rp2_common/pico_float/float_aeabi.S.obj
                0x0000000010015638                __wrap___aeabi_f2uiz
 .text.fix2float
                0x0000000010015644        0xc CMakeFiles/phobgcc_rp2040.dir/mnt/c/Users/ntste/Desktop/phob/pico-sdk/src/rp2_common/pico_float/float_aeabi.S.obj
                0x0000000010015644                fix2float
 .text.__wrap___aeabi_f2d
                0x0000000010015650       0x14 CMakeFiles/phobgcc_rp2040.dir/mnt/c/Users/ntste/Desktop/phob/pico-sdk/src/rp2_common/pico_float/float_aeabi.S.obj
                0x0000000010015650                __wrap___aeabi_f2d
 .text.__wrap_cosf
                0x0000000010015664       0x24 CMakeFiles/phobgcc_rp2040.dir/mnt/c/Users/ntste/Desktop/phob/pico-sdk/src/rp2_common/pico_float/float_aeabi.S.obj
                0x0000000010015664                __wrap_cosf
 .text.__wrap_sinf
                0x0000000010015688       0x24 CMakeFiles/phobgcc_rp2040.dir/mnt/c/Users/ntste/Desktop/phob/pico-sdk/src/rp2_common/pico_float/float_aeabi.S.obj
                0x0000000010015688                __wrap_sinf
 .text.__wrap_atan2f
                0x00000000100156ac       0x14 CMakeFiles/phobgcc_rp2040.dir/mnt/c/Users/ntste/Desktop/phob/pico-sdk/src/rp2_common/pico_float/float_aeabi.S.obj
                0x00000000100156ac                __wrap_atan2f
 .text.__aeabi_float_init
                0x00000000100156c0       0x64 CMakeFiles/phobgcc_rp2040.dir/mnt/c/Users/ntste/Desktop/phob/pico-sdk/src/rp2_common/pico_float/float_init_rom.c.obj
                0x00000000100156c0                __aeabi_float_init
 .text.__wrap_truncf
                0x0000000010015724       0x20 CMakeFiles/phobgcc_rp2040.dir/mnt/c/Users/ntste/Desktop/phob/pico-sdk/src/rp2_common/pico_float/float_math.c.obj
                0x0000000010015724                __wrap_truncf
 .text.__wrap_remquof
                0x0000000010015744      0x14c CMakeFiles/phobgcc_rp2040.dir/mnt/c/Users/ntste/Desktop/phob/pico-sdk/src/rp2_common/pico_float/float_math.c.obj
                0x0000000010015744                __wrap_remquof
 .text.__wrap_remainderf
                0x0000000010015890        0xc CMakeFiles/phobgcc_rp2040.dir/mnt/c/Users/ntste/Desktop/phob/pico-sdk/src/rp2_common/pico_float/float_math.c.obj
                0x0000000010015890                __wrap_remainderf
 .text.float_table_shim_on_use_helper
                0x000000001001589c       0x2c CMakeFiles/phobgcc_rp2040.dir/mnt/c/Users/ntste/Desktop/phob/pico-sdk/src/rp2_common/pico_float/float_v1_rom_shim.S.obj
                0x000000001001589c                float_table_shim_on_use_helper
 .text.fatan2_shim
                0x00000000100158c8       0x88 CMakeFiles/phobgcc_rp2040.dir/mnt/c/Users/ntste/Desktop/phob/pico-sdk/src/rp2_common/pico_float/float_v1_rom_shim.S.obj
                0x00000000100158c8                fatan2_shim
 .text.float232_shims
                0x0000000010015950       0x18 CMakeFiles/phobgcc_rp2040.dir/mnt/c/Users/ntste/Desktop/phob/pico-sdk/src/rp2_common/pico_float/float_v1_rom_shim.S.obj
                0x0000000010015950                float2int_shim
                0x0000000010015952                float2fix_shim
 .text.float2double_shim
                0x0000000010015968       0x30 CMakeFiles/phobgcc_rp2040.dir/mnt/c/Users/ntste/Desktop/phob/pico-sdk/src/rp2_common/pico_float/float_v1_rom_shim.S.obj
                0x0000000010015968                float2double_shim
 .text.__wrap_malloc
                0x0000000010015998       0x3c CMakeFiles/phobgcc_rp2040.dir/mnt/c/Users/ntste/Desktop/phob/pico-sdk/src/rp2_common/pico_malloc/pico_malloc.c.obj
                0x0000000010015998                __wrap_malloc
 .text.__wrap_calloc
                0x00000000100159d4       0x40 CMakeFiles/phobgcc_rp2040.dir/mnt/c/Users/ntste/Desktop/phob/pico-sdk/src/rp2_common/pico_malloc/pico_malloc.c.obj
                0x00000000100159d4                __wrap_calloc
 .text.__wrap_free
                0x0000000010015a14       0x20 CMakeFiles/phobgcc_rp2040.dir/mnt/c/Users/ntste/Desktop/phob/pico-sdk/src/rp2_common/pico_malloc/pico_malloc.c.obj
                0x0000000010015a14                __wrap_free
 .text          0x0000000010015a34       0x10 CMakeFiles/phobgcc_rp2040.dir/mnt/c/Users/ntste/Desktop/phob/pico-sdk/src/rp2_common/pico_mem_ops/mem_ops_aeabi.S.obj
                0x0000000010015a34                __aeabi_mem_init
 .text.memset   0x0000000010015a44        0xc CMakeFiles/phobgcc_rp2040.dir/mnt/c/Users/ntste/Desktop/phob/pico-sdk/src/rp2_common/pico_mem_ops/mem_ops_aeabi.S.obj
                0x0000000010015a44                __wrap_memset
 .text.memcpy   0x0000000010015a50        0xc CMakeFiles/phobgcc_rp2040.dir/mnt/c/Users/ntste/Desktop/phob/pico-sdk/src/rp2_common/pico_mem_ops/mem_ops_aeabi.S.obj
                0x0000000010015a50                __wrap___aeabi_memcpy
                0x0000000010015a50                __wrap_memcpy
 .text._Znwj    0x0000000010015a5c        0x8 CMakeFiles/phobgcc_rp2040.dir/mnt/c/Users/ntste/Desktop/phob/pico-sdk/src/rp2_common/pico_standard_link/new_delete.cpp.obj
                0x0000000010015a5c                operator new(unsigned int)
 .text._ZdlPv   0x0000000010015a64        0x8 CMakeFiles/phobgcc_rp2040.dir/mnt/c/Users/ntste/Desktop/phob/pico-sdk/src/rp2_common/pico_standard_link/new_delete.cpp.obj
                0x0000000010015a64                operator delete(void*)
 .text._ZdlPvj  0x0000000010015a6c        0x8 CMakeFiles/phobgcc_rp2040.dir/mnt/c/Users/ntste/Desktop/phob/pico-sdk/src/rp2_common/pico_standard_link/new_delete.cpp.obj
                0x0000000010015a6c                operator delete(void*, unsigned int)
 .text.stdio_out_chars_no_crlf
                0x0000000010015a74       0x10 CMakeFiles/phobgcc_rp2040.dir/mnt/c/Users/ntste/Desktop/phob/pico-sdk/src/rp2_common/pico_stdio/stdio.c.obj
 .text.stdio_out_chars_crlf
                0x0000000010015a84       0xb4 CMakeFiles/phobgcc_rp2040.dir/mnt/c/Users/ntste/Desktop/phob/pico-sdk/src/rp2_common/pico_stdio/stdio.c.obj
 .text.stdio_put_string.isra.0
                0x0000000010015b38       0xfc CMakeFiles/phobgcc_rp2040.dir/mnt/c/Users/ntste/Desktop/phob/pico-sdk/src/rp2_common/pico_stdio/stdio.c.obj
 .text.__wrap_putchar
                0x0000000010015c34       0x98 CMakeFiles/phobgcc_rp2040.dir/mnt/c/Users/ntste/Desktop/phob/pico-sdk/src/rp2_common/pico_stdio/stdio.c.obj
                0x0000000010015c34                __wrap_putchar
 .text.__wrap_puts
                0x0000000010015ccc       0x3c CMakeFiles/phobgcc_rp2040.dir/mnt/c/Users/ntste/Desktop/phob/pico-sdk/src/rp2_common/pico_stdio/stdio.c.obj
                0x0000000010015ccc                __wrap_puts
 .text.stdio_set_driver_enabled
                0x0000000010015d08       0x30 CMakeFiles/phobgcc_rp2040.dir/mnt/c/Users/ntste/Desktop/phob/pico-sdk/src/rp2_common/pico_stdio/stdio.c.obj
                0x0000000010015d08                stdio_set_driver_enabled
 .text.stdio_init_all
                0x0000000010015d38       0x10 CMakeFiles/phobgcc_rp2040.dir/mnt/c/Users/ntste/Desktop/phob/pico-sdk/src/rp2_common/pico_stdio/stdio.c.obj
                0x0000000010015d38                stdio_init_all
 .text.stdio_uart_out_chars
                0x0000000010015d48       0x4c CMakeFiles/phobgcc_rp2040.dir/mnt/c/Users/ntste/Desktop/phob/pico-sdk/src/rp2_common/pico_stdio_uart/stdio_uart.c.obj
 .text.stdio_uart_in_chars
                0x0000000010015d94       0x84 CMakeFiles/phobgcc_rp2040.dir/mnt/c/Users/ntste/Desktop/phob/pico-sdk/src/rp2_common/pico_stdio_uart/stdio_uart.c.obj
                0x0000000010015d94                stdio_uart_in_chars
 .text.on_uart_rx
                0x0000000010015e18       0x28 CMakeFiles/phobgcc_rp2040.dir/mnt/c/Users/ntste/Desktop/phob/pico-sdk/src/rp2_common/pico_stdio_uart/stdio_uart.c.obj
 .text.stdio_uart_set_chars_available_callback
                0x0000000010015e40       0x8c CMakeFiles/phobgcc_rp2040.dir/mnt/c/Users/ntste/Desktop/phob/pico-sdk/src/rp2_common/pico_stdio_uart/stdio_uart.c.obj
 .text.stdio_uart_init
                0x0000000010015ecc       0x48 CMakeFiles/phobgcc_rp2040.dir/mnt/c/Users/ntste/Desktop/phob/pico-sdk/src/rp2_common/pico_stdio_uart/stdio_uart.c.obj
                0x0000000010015ecc                stdio_uart_init
 .text.resetd_init
                0x0000000010015f14        0x4 CMakeFiles/phobgcc_rp2040.dir/mnt/c/Users/ntste/Desktop/phob/pico-sdk/src/rp2_common/pico_stdio_usb/reset_interface.c.obj
 .text.resetd_reset
                0x0000000010015f18        0xc CMakeFiles/phobgcc_rp2040.dir/mnt/c/Users/ntste/Desktop/phob/pico-sdk/src/rp2_common/pico_stdio_usb/reset_interface.c.obj
 .text.resetd_open
                0x0000000010015f24       0x28 CMakeFiles/phobgcc_rp2040.dir/mnt/c/Users/ntste/Desktop/phob/pico-sdk/src/rp2_common/pico_stdio_usb/reset_interface.c.obj
 .text.resetd_xfer_cb
                0x0000000010015f4c        0x4 CMakeFiles/phobgcc_rp2040.dir/mnt/c/Users/ntste/Desktop/phob/pico-sdk/src/rp2_common/pico_stdio_usb/reset_interface.c.obj
 .text.resetd_control_xfer_cb
                0x0000000010015f50       0x64 CMakeFiles/phobgcc_rp2040.dir/mnt/c/Users/ntste/Desktop/phob/pico-sdk/src/rp2_common/pico_stdio_usb/reset_interface.c.obj
 .text.usbd_app_driver_get_cb
                0x0000000010015fb4        0xc CMakeFiles/phobgcc_rp2040.dir/mnt/c/Users/ntste/Desktop/phob/pico-sdk/src/rp2_common/pico_stdio_usb/reset_interface.c.obj
                0x0000000010015fb4                usbd_app_driver_get_cb
 .text.tud_cdc_line_coding_cb
                0x0000000010015fc0       0x34 CMakeFiles/phobgcc_rp2040.dir/mnt/c/Users/ntste/Desktop/phob/pico-sdk/src/rp2_common/pico_stdio_usb/reset_interface.c.obj
                0x0000000010015fc0                tud_cdc_line_coding_cb
 .text.stdio_usb_set_chars_available_callback
                0x0000000010015ff4       0x14 CMakeFiles/phobgcc_rp2040.dir/mnt/c/Users/ntste/Desktop/phob/pico-sdk/src/rp2_common/pico_stdio_usb/stdio_usb.c.obj
                0x0000000010015ff4                stdio_usb_set_chars_available_callback
 .text.usb_irq  0x0000000010016008       0x10 CMakeFiles/phobgcc_rp2040.dir/mnt/c/Users/ntste/Desktop/phob/pico-sdk/src/rp2_common/pico_stdio_usb/stdio_usb.c.obj
 .text.timer_task
                0x0000000010016018       0x54 CMakeFiles/phobgcc_rp2040.dir/mnt/c/Users/ntste/Desktop/phob/pico-sdk/src/rp2_common/pico_stdio_usb/stdio_usb.c.obj
 .text.stdio_usb_in_chars
                0x000000001001606c       0x90 CMakeFiles/phobgcc_rp2040.dir/mnt/c/Users/ntste/Desktop/phob/pico-sdk/src/rp2_common/pico_stdio_usb/stdio_usb.c.obj
                0x000000001001606c                stdio_usb_in_chars
 .text.stdio_usb_out_chars
                0x00000000100160fc      0x100 CMakeFiles/phobgcc_rp2040.dir/mnt/c/Users/ntste/Desktop/phob/pico-sdk/src/rp2_common/pico_stdio_usb/stdio_usb.c.obj
 .text.low_priority_worker_irq
                0x00000000100161fc       0xa8 CMakeFiles/phobgcc_rp2040.dir/mnt/c/Users/ntste/Desktop/phob/pico-sdk/src/rp2_common/pico_stdio_usb/stdio_usb.c.obj
 .text.tud_cdc_rx_cb
                0x00000000100162a4       0x20 CMakeFiles/phobgcc_rp2040.dir/mnt/c/Users/ntste/Desktop/phob/pico-sdk/src/rp2_common/pico_stdio_usb/stdio_usb.c.obj
                0x00000000100162a4                tud_cdc_rx_cb
 .text.stdio_usb_init
                0x00000000100162c4       0xdc CMakeFiles/phobgcc_rp2040.dir/mnt/c/Users/ntste/Desktop/phob/pico-sdk/src/rp2_common/pico_stdio_usb/stdio_usb.c.obj
                0x00000000100162c4                stdio_usb_init
 .text.tud_descriptor_device_cb
                0x00000000100163a0        0x8 CMakeFiles/phobgcc_rp2040.dir/mnt/c/Users/ntste/Desktop/phob/pico-sdk/src/rp2_common/pico_stdio_usb/stdio_usb_descriptors.c.obj
                0x00000000100163a0                tud_descriptor_device_cb
 .text.tud_descriptor_configuration_cb
                0x00000000100163a8        0x8 CMakeFiles/phobgcc_rp2040.dir/mnt/c/Users/ntste/Desktop/phob/pico-sdk/src/rp2_common/pico_stdio_usb/stdio_usb_descriptors.c.obj
                0x00000000100163a8                tud_descriptor_configuration_cb
 .text.tud_descriptor_string_cb
                0x00000000100163b0       0x74 CMakeFiles/phobgcc_rp2040.dir/mnt/c/Users/ntste/Desktop/phob/pico-sdk/src/rp2_common/pico_stdio_usb/stdio_usb_descriptors.c.obj
                0x00000000100163b0                tud_descriptor_string_cb
 .text.startup._retrieve_unique_id_on_boot
                0x0000000010016424       0x10 CMakeFiles/phobgcc_rp2040.dir/mnt/c/Users/ntste/Desktop/phob/pico-sdk/src/rp2_common/pico_unique_id/unique_id.c.obj
 .text.pico_get_unique_board_id_string
                0x0000000010016434      0x1a8 CMakeFiles/phobgcc_rp2040.dir/mnt/c/Users/ntste/Desktop/phob/pico-sdk/src/rp2_common/pico_unique_id/unique_id.c.obj
                0x0000000010016434                pico_get_unique_board_id_string
 .text.flash_get_unique_id
                0x00000000100165dc       0x40 CMakeFiles/phobgcc_rp2040.dir/mnt/c/Users/ntste/Desktop/phob/pico-sdk/src/rp2_common/hardware_flash/flash.c.obj
                0x00000000100165dc                flash_get_unique_id
 .text.dcd_int_enable
                0x000000001001661c        0xc CMakeFiles/phobgcc_rp2040.dir/mnt/c/Users/ntste/Desktop/phob/pico-sdk/lib/tinyusb/src/portable/raspberrypi/rp2040/dcd_rp2040.c.obj
                0x000000001001661c                dcd_int_enable
 .text.dcd_set_address
                0x0000000010016628       0x14 CMakeFiles/phobgcc_rp2040.dir/mnt/c/Users/ntste/Desktop/phob/pico-sdk/lib/tinyusb/src/portable/raspberrypi/rp2040/dcd_rp2040.c.obj
                0x0000000010016628                dcd_set_address
 .text.dcd_connect
                0x000000001001663c       0x10 CMakeFiles/phobgcc_rp2040.dir/mnt/c/Users/ntste/Desktop/phob/pico-sdk/lib/tinyusb/src/portable/raspberrypi/rp2040/dcd_rp2040.c.obj
                0x000000001001663c                dcd_connect
 .text.dcd_init
                0x000000001001664c       0x98 CMakeFiles/phobgcc_rp2040.dir/mnt/c/Users/ntste/Desktop/phob/pico-sdk/lib/tinyusb/src/portable/raspberrypi/rp2040/dcd_rp2040.c.obj
                0x000000001001664c                dcd_init
 .text.dcd_edpt0_status_complete
                0x00000000100166e4       0x1c CMakeFiles/phobgcc_rp2040.dir/mnt/c/Users/ntste/Desktop/phob/pico-sdk/lib/tinyusb/src/portable/raspberrypi/rp2040/dcd_rp2040.c.obj
                0x00000000100166e4                dcd_edpt0_status_complete
 .text.dcd_edpt_open
                0x0000000010016700      0x108 CMakeFiles/phobgcc_rp2040.dir/mnt/c/Users/ntste/Desktop/phob/pico-sdk/lib/tinyusb/src/portable/raspberrypi/rp2040/dcd_rp2040.c.obj
                0x0000000010016700                dcd_edpt_open
 .text.dcd_edpt_close_all
                0x0000000010016808        0x8 CMakeFiles/phobgcc_rp2040.dir/mnt/c/Users/ntste/Desktop/phob/pico-sdk/lib/tinyusb/src/portable/raspberrypi/rp2040/dcd_rp2040.c.obj
                0x0000000010016808                dcd_edpt_close_all
 .text.dcd_edpt_xfer
                0x0000000010016810       0x24 CMakeFiles/phobgcc_rp2040.dir/mnt/c/Users/ntste/Desktop/phob/pico-sdk/lib/tinyusb/src/portable/raspberrypi/rp2040/dcd_rp2040.c.obj
                0x0000000010016810                dcd_edpt_xfer
 .text.dcd_edpt_stall
                0x0000000010016834       0x38 CMakeFiles/phobgcc_rp2040.dir/mnt/c/Users/ntste/Desktop/phob/pico-sdk/lib/tinyusb/src/portable/raspberrypi/rp2040/dcd_rp2040.c.obj
                0x0000000010016834                dcd_edpt_stall
 .text.dcd_edpt_clear_stall
                0x000000001001686c       0x30 CMakeFiles/phobgcc_rp2040.dir/mnt/c/Users/ntste/Desktop/phob/pico-sdk/lib/tinyusb/src/portable/raspberrypi/rp2040/dcd_rp2040.c.obj
                0x000000001001686c                dcd_edpt_clear_stall
 .text.rp2040_usb_init
                0x000000001001689c       0x4c CMakeFiles/phobgcc_rp2040.dir/mnt/c/Users/ntste/Desktop/phob/pico-sdk/lib/tinyusb/src/portable/raspberrypi/rp2040/rp2040_usb.c.obj
                0x000000001001689c                rp2040_usb_init
 .text.hw_endpoint_xfer_start
                0x00000000100168e8       0x50 CMakeFiles/phobgcc_rp2040.dir/mnt/c/Users/ntste/Desktop/phob/pico-sdk/lib/tinyusb/src/portable/raspberrypi/rp2040/rp2040_usb.c.obj
                0x00000000100168e8                hw_endpoint_xfer_start
 .text.tud_mounted
                0x0000000010016938       0x10 CMakeFiles/phobgcc_rp2040.dir/mnt/c/Users/ntste/Desktop/phob/pico-sdk/lib/tinyusb/src/device/usbd.c.obj
                0x0000000010016938                tud_mounted
 .text.tud_suspended
                0x0000000010016948       0x10 CMakeFiles/phobgcc_rp2040.dir/mnt/c/Users/ntste/Desktop/phob/pico-sdk/lib/tinyusb/src/device/usbd.c.obj
                0x0000000010016948                tud_suspended
 .text.tud_inited
                0x0000000010016958       0x14 CMakeFiles/phobgcc_rp2040.dir/mnt/c/Users/ntste/Desktop/phob/pico-sdk/lib/tinyusb/src/device/usbd.c.obj
                0x0000000010016958                tud_inited
 .text.tud_init
                0x000000001001696c       0xe4 CMakeFiles/phobgcc_rp2040.dir/mnt/c/Users/ntste/Desktop/phob/pico-sdk/lib/tinyusb/src/device/usbd.c.obj
                0x000000001001696c                tud_init
 .text.tud_task_ext
                0x0000000010016a50      0x854 CMakeFiles/phobgcc_rp2040.dir/mnt/c/Users/ntste/Desktop/phob/pico-sdk/lib/tinyusb/src/device/usbd.c.obj
                0x0000000010016a50                tud_task_ext
 .text.usbd_open_edpt_pair
                0x00000000100172a4       0x9c CMakeFiles/phobgcc_rp2040.dir/mnt/c/Users/ntste/Desktop/phob/pico-sdk/lib/tinyusb/src/device/usbd.c.obj
                0x00000000100172a4                usbd_open_edpt_pair
 .text.usbd_defer_func
                0x0000000010017340       0x48 CMakeFiles/phobgcc_rp2040.dir/mnt/c/Users/ntste/Desktop/phob/pico-sdk/lib/tinyusb/src/device/usbd.c.obj
                0x0000000010017340                usbd_defer_func
 .text.usbd_edpt_open
                0x0000000010017388       0x34 CMakeFiles/phobgcc_rp2040.dir/mnt/c/Users/ntste/Desktop/phob/pico-sdk/lib/tinyusb/src/device/usbd.c.obj
                0x0000000010017388                usbd_edpt_open
 .text.usbd_edpt_claim
                0x00000000100173bc       0x28 CMakeFiles/phobgcc_rp2040.dir/mnt/c/Users/ntste/Desktop/phob/pico-sdk/lib/tinyusb/src/device/usbd.c.obj
                0x00000000100173bc                usbd_edpt_claim
 .text.usbd_edpt_release
                0x00000000100173e4       0x28 CMakeFiles/phobgcc_rp2040.dir/mnt/c/Users/ntste/Desktop/phob/pico-sdk/lib/tinyusb/src/device/usbd.c.obj
                0x00000000100173e4                usbd_edpt_release
 .text.usbd_edpt_xfer
                0x000000001001740c       0x4c CMakeFiles/phobgcc_rp2040.dir/mnt/c/Users/ntste/Desktop/phob/pico-sdk/lib/tinyusb/src/device/usbd.c.obj
                0x000000001001740c                usbd_edpt_xfer
 .text.tud_control_status
                0x0000000010017458       0x30 CMakeFiles/phobgcc_rp2040.dir/mnt/c/Users/ntste/Desktop/phob/pico-sdk/lib/tinyusb/src/device/usbd_control.c.obj
                0x0000000010017458                tud_control_status
 .text.tud_control_xfer
                0x0000000010017488       0xbc CMakeFiles/phobgcc_rp2040.dir/mnt/c/Users/ntste/Desktop/phob/pico-sdk/lib/tinyusb/src/device/usbd_control.c.obj
                0x0000000010017488                tud_control_xfer
 .text.usbd_control_reset
                0x0000000010017544       0x14 CMakeFiles/phobgcc_rp2040.dir/mnt/c/Users/ntste/Desktop/phob/pico-sdk/lib/tinyusb/src/device/usbd_control.c.obj
                0x0000000010017544                usbd_control_reset
 .text.usbd_control_set_complete_callback
                0x0000000010017558        0xc CMakeFiles/phobgcc_rp2040.dir/mnt/c/Users/ntste/Desktop/phob/pico-sdk/lib/tinyusb/src/device/usbd_control.c.obj
                0x0000000010017558                usbd_control_set_complete_callback
 .text.usbd_control_set_request